23f00000 T _start
23f00020 t _undefined_instruction
23f00024 t _software_interrupt
23f00028 t _prefetch_abort
23f0002c t _data_abort
23f00030 t _not_used
23f00034 t _irq
23f00038 t _fiq
23f00040 t _TEXT_BASE
23f00044 T _armboot_start
23f00048 T _bss_start
23f0004c T _bss_end
23f00050 t reset
23f00060 t stack_setup
23f00070 t clear_bss
23f0007c t clbss_l
23f00098 t _start_armboot
23f000a0 t undefined_instruction
23f00100 t software_interrupt
23f00160 t prefetch_abort
23f001c0 t data_abort
23f00220 t not_used
23f00280 t irq
23f002e0 t fiq
23f00340 T sbrk
23f00378 T __coloured_LED_init
23f00378 W coloured_LED_init
23f0037c T __red_LED_on
23f0037c W red_LED_on
23f00380 T __red_LED_off
23f00380 W red_LED_off
23f00384 T __green_LED_on
23f00384 W green_LED_on
23f00388 T __green_LED_off
23f00388 W green_LED_off
23f0038c T __yellow_LED_on
23f0038c W yellow_LED_on
23f00390 T __yellow_LED_off
23f00390 W yellow_LED_off
23f00394 t reloc_init
23f003a8 T hang
23f003b8 t display_dram_config
23f003e8 t display_banner
23f00408 t init_baudrate
23f00468 T start_armboot
23f00648 T strmhz
23f006b0 T enable_interrupts
23f006b4 T disable_interrupts
23f006bc T show_regs
23f007f8 T bad_mode
23f00814 T do_irq
23f00838 T do_fiq
23f0085c T do_not_used
23f00880 T do_data_abort
23f008a4 T do_prefetch_abort
23f008c8 T do_software_interrupt
23f008ec T do_undefined_instruction
23f00920 T __divsi3
23f00a38 t Ldiv0
23f00a60 T __modsi3
23f00b34 t Ldiv0
23f00b60 T __div0
23f00b64 t __fswab16
23f00b84 t __fswab32
23f00ba4 t startAgainTimeout
23f00bb8 t startAgainHandler
23f00bbc T NetSetHandler
23f00bcc T NetCksum
23f00c10 T NetCksumOk
23f00c34 T copy_filename
23f00c84 T string_to_VLAN
23f00ccc T getenv_VLAN
23f00cdc T string_to_ip
23f00d50 T getenv_IPaddr
23f00d60 T NetEthHdrSize
23f00da4 T VLAN_to_string
23f00e04 T ip_to_string
23f00e50 T print_IPaddr
23f00e74 T NetSetEther
23f00f24 t NetCopyIP
23f00f2c T NetSetIP
23f01034 t NetWriteIP
23f01058 t NetReadIP
23f0107c t PingHandler
23f010a4 T NetSendPacket
23f010a8 T ArpRequest
23f01198 T NetReceive
23f0172c T PingSend
23f01868 T NetSetTimeout
23f01898 T NetSendUDPPacket
23f019d8 t PingTimeout
23f019f4 T NetStartAgain
23f01adc T ArpTimeoutCheck
23f01b50 T NetLoop
23f01fa8 t __fswab16
23f01fc8 t TftpSend
23f0215c T TftpStart
23f023e0 t TftpTimeout
23f0243c t TftpHandler
23f026d8 t __fswab16
23f026f8 t __fswab32
23f02718 t truncate_sz
23f0274c t NetCopyLong
23f02754 t NetCopyIP
23f0275c t DhcpOptionsProcess
23f0293c t NetWriteIP
23f02960 t NetReadLong
23f02984 t DhcpExtended
23f02b78 T BootpRequest
23f02d40 T DhcpRequest
23f02d44 t DhcpHandler
23f030bc t BootpTimeout
23f03104 T RarpRequest
23f03208 t RarpHandler
23f03264 t RarpTimeout
23f032ac t __def_eth_init
23f032ac W board_eth_init
23f032ac W cpu_eth_init
23f032b4 T eth_get_dev
23f032c4 T eth_get_dev_index
23f03310 T eth_halt
23f03344 T eth_send
23f03378 T eth_rx
23f033a4 T eth_get_name
23f033c4 T eth_get_dev_by_name
23f03418 T eth_set_current
23f03484 T eth_try_another
23f0352c T eth_register
23f035b4 T eth_init
23f03630 T eth_set_enetaddr
23f036e8 T eth_initialize
23f03994 t __fswab32
23f039b4 t basename
23f039ec t dirname
23f03a08 t rpc_lookup_reply
23f03ab4 t rpc_add_credentials
23f03b8c t rpc_req
23f03c84 t rpc_lookup_req
23f03ce4 t NfsSend
23f03f58 T NfsStart
23f041a0 t NfsTimeout
23f041e8 t NfsHandler
23f046f8 T AT91F_DataflashSelect
23f04788 T addr_dataflash
23f047bc T size_dataflash
23f047f0 T prot_dataflash
23f04850 T dataflash_real_protect
23f04950 T dataflash_perror
23f049e8 T dataflash_print_info
23f04b4c T write_dataflash
23f04bdc T read_dataflash
23f04c48 T AT91F_DataflashSetEnv
23f04cec T AT91F_DataflashInit
23f04f8c T AT91F_DataFlashWriteBuffer
23f0509c T AT91F_DataFlashGetStatus
23f050f4 T AT91F_DataflashProbe
23f0511c T AT91F_DataFlashWaitReady
23f05160 T AT91F_DataFlashSendCommand
23f0528c T AT91F_WriteBufferToMain
23f052e8 T AT91F_BlockErase
23f05318 T AT91F_PageErase
23f05344 T AT91F_MainMemoryToBufferTransfert
23f05394 T AT91F_PartialPageWrite
23f0545c T AT91F_DataFlashWrite
23f055e0 T AT91F_DataFlashPagePgmBuf
23f05630 T AT91F_DataFlashContinuousRead
23f05698 T AT91F_DataFlashRead
23f0572c T nand_init
23f057c8 t generic_ffs
23f05820 t nand_read_byte
23f05830 t nand_write_byte
23f05844 t nand_read_byte16
23f05858 t nand_write_byte16
23f0586c t nand_read_word
23f0587c t nand_write_word
23f05894 t nand_write_buf
23f058c4 t nand_read_buf
23f058ec t nand_verify_buf
23f05930 t nand_write_buf16
23f05960 t nand_read_buf16
23f0598c t nand_verify_buf16
23f059d0 t nand_check_wp
23f05a0c t single_erase_cmd
23f05a48 t multi_erase_cmd
23f05ad4 T nand_release
23f05b18 t nand_release_device
23f05b50 t nand_write_oob
23f05d30 T nand_scan
23f06620 t nand_prepare_oobbuf
23f06714 t nand_write_ecc
23f06c50 t nand_write
23f06c80 t nand_block_checkbad
23f06cb0 t nand_block_isbad
23f06cf4 t nand_block_markbad
23f06d30 T nand_erase_nand
23f06f30 t nand_erase
23f06f38 t nand_read_oob
23f07130 t nand_command_lp
23f07354 t nand_command
23f07548 t nand_read_ecc
23f07bc4 t nand_read
23f07bf4 t nand_default_block_markbad
23f07ca0 t nand_select_chip
23f07d04 t nand_wait
23f07dd4 t nand_block_bad
23f07ec0 t nand_sync
23f07ec4 T nand_read_raw
23f08044 T nand_calculate_ecc
23f0813c T nand_correct_data
23f08264 t check_pattern
23f0831c T nand_isbad_bbt
23f0836c t read_bbt
23f08580 t read_abs_bbt
23f0865c t write_bbt
23f08cdc T nand_update_bbt
23f08e34 t mark_bbt_region
23f08fb8 t search_bbt
23f091ac t create_bbt
23f09354 T nand_scan_bbt
23f097bc T nand_default_bbt
23f09890 T serial_setbrg
23f098c0 T serial_init
23f098ec T serial_putc
23f0991c T serial_puts
23f09940 T serial_getc
23f09958 T serial_tstc
23f09968 T __show_boot_progress
23f09968 W show_boot_progress
23f0996c T parse_line
23f099f8 T run_command
23f09d8c T do_run
23f09e0c t delete_char
23f09ee8 t cread_add_char
23f09fd8 t cread_add_str
23f0a030 T readline_into_buffer
23f0a854 T readline
23f0a860 T main_loop
23f0a9dc W do_go_exec
23f0a9f4 T do_go
23f0aa80 t __fswab32
23f0aaa0 T __board_lmb_reserve
23f0aaa0 W board_lmb_reserve
23f0aaa4 T do_bootd
23f0aac8 t image_get_ep
23f0aad0 t image_get_size
23f0aad8 T do_bootm
23f0b138 T do_coninfo
23f0b218 T do_flerase
23f0b220 T do_protect
23f0b35c T do_flinfo
23f0b36c t evalstr
23f0b388 t evalexp
23f0b3d4 T binary_test
23f0b5b0 T do_itest
23f0b658 T ktrans
23f0b680 T chk1
23f0b6ac t bin_data_init
23f0b6c8 t bin_data_char
23f0b6fc T k_data_init
23f0b71c T k_data_save
23f0b744 T k_data_restore
23f0b76c T k_data_char
23f0b7c0 T send_pad
23f0b7f0 T s1_sendpacket
23f0b818 T handle_send_packet
23f0b9c8 T send_nack
23f0ba28 T send_ack
23f0ba88 t getcxmodem
23f0baa8 T do_load_serial_bin
23f0c06c T do_mem_base
23f0c0b0 T do_mem_crc
23f0c16c T do_mem_mtest
23f0c294 T cmd_get_data_size
23f0c30c t mod_mem
23f0c498 T do_mem_nm
23f0c4c0 T do_mem_mm
23f0c4e8 T do_mem_loop
23f0c5e0 T do_mem_cp
23f0c780 T do_mem_cmp
23f0c95c T do_mem_mw
23f0ca2c T do_mem_md
23f0cb78 T do_sleep
23f0cc08 t nand_read
23f0cc30 t str2long
23f0cc74 t arg_off_size
23f0cd50 T do_nandboot
23f0d120 T do_nand
23f0dcd8 T do_ping
23f0dd60 t netboot_common
23f0e074 T do_nfs
23f0e080 T do_dhcp
23f0e08c T do_rarpb
23f0e098 T do_tftpb
23f0e0a4 T do_bootp
23f0e0b0 T envmatch
23f0e110 T getenv_r
23f0e1c8 T do_saveenv
23f0e1f4 T getenv
23f0e264 T _do_setenv
23f0e7dc T do_setenv
23f0e81c T setenv
23f0e864 T do_printenv
23f0e9e0 T usb_get_class_desc
23f0ea88 T usb_display_ep_desc
23f0eb5c T usb_display_class_sub
23f0ed64 T do_usbboot
23f0f100 T usb_show_tree_graph
23f0f3b8 T usb_show_tree
23f0f3ec T usb_display_desc
23f0f624 T usb_display_string
23f0f65c T usb_display_if_desc
23f0f6e4 T usb_display_conf_desc
23f0f794 T usb_display_config
23f0f828 T do_usb
23f0fd14 T do_imgextract
23f0ff54 T find_cmd
23f0ffe8 T do_echo
23f1006c T do_help
23f10214 T do_version
23f10234 t console_setfile
23f102d4 T fgetc
23f102fc T ftstc
23f10324 T fputc
23f10350 T fputs
23f1037c T disable_ctrlc
23f10394 T had_ctrlc
23f103a4 T clear_ctrlc
23f103b8 T dbg
23f103c4 T console_init_f
23f103d4 T console_assign
23f10464 T fprintf
23f104b0 T puts
23f104cc T vprintf
23f104fc T printf
23f10540 T console_init_r
23f106d8 T serial_printf
23f1071c T putc
23f1073c T tstc
23f10754 T getc
23f1076c T ctrlc
23f107bc T devices_done
23f107d8 T device_register
23f107fc T devices_init
23f108a8 T malloc_bin_reloc
23f108e0 T malloc_usable_size
23f10924 T mallopt
23f1099c T malloc_trim
23f10a68 T free
23f10cc0 T cfree
23f10cc4 T malloc
23f112e0 T memalign
23f113f0 T pvalloc
23f11408 T valloc
23f11414 T calloc
23f114f4 T realloc
23f11964 T env_get_char_memory
23f11984 T env_get_addr
23f119a4 T env_crc_update
23f119d0 T set_default_env
23f11a20 T env_relocate
23f11a80 T env_get_char
23f11ad0 t nand_block_isbad
23f11ae4 T env_get_char_spec
23f11af0 T env_init
23f11b0c T writeenv
23f11bb8 T readenv
23f11c64 T env_relocate_spec
23f11dd8 T saveenv
23f11ee4 t dummy
23f11ee8 T get_version
23f11ef0 T jumptable_init
23f11fc8 T GetHandleSize
23f11fd0 T ListSetAllocationPolicy
23f11fe4 T ListGetPtrToItem
23f12014 T ListGetDataPtr
23f12020 T ListGetItemSize
23f1202c T ListNumItems
23f12038 T ListGetItems
23f12080 T SetHandleSize
23f120fc T ListInsertItems
23f122c0 T ListInsertItem
23f122c8 T DisposeHandle
23f122e8 T ListDispose
23f122ec T NewHandle
23f12348 T ListCreate
23f123a8 T usb_disable_asynch
23f123c0 T usb_maxpacket
23f123e4 T usb_set_maxpacket
23f12494 T usb_get_dev_index
23f124c4 T usb_hub_reset
23f124d8 T usb_hub_allocate
23f12520 T usb_alloc_new_device
23f125c0 T usb_parse_config
23f12710 T usb_submit_int_msg
23f12714 T wait_ms
23f12734 T usb_bulk_msg
23f12794 T usb_control_msg
23f1289c T usb_get_port_status
23f128fc T usb_get_hub_status
23f12954 T usb_set_port_feature
23f129b4 t usb_hub_power_on
23f129f8 T usb_clear_port_feature
23f12a58 T usb_clear_hub_feature
23f12ab0 T usb_get_hub_descriptor
23f12b10 T usb_get_string
23f12b90 t usb_string_sub
23f12c9c T usb_string
23f12d98 T usb_get_class_descriptor
23f12e10 T usb_get_report
23f12e88 T usb_set_idle
23f12eec T usb_set_protocol
23f12f4c T usb_set_configuration
23f12fbc T usb_set_interface
23f13088 T usb_set_address
23f130d0 T usb_get_descriptor
23f13140 T usb_get_configuration_no
23f131e0 T usb_new_device
23f13418 T usb_hub_port_connect_change
23f13558 T usb_hub_configure
23f13778 T usb_hub_probe
23f137d8 T usb_scan_devices
23f1383c T usb_clear_halt
23f138e0 T usb_init
23f1395c T usb_stop
23f13984 t __fswab32
23f139a4 T usb_stor_get_dev
23f139c0 t usb_stor_irq
23f139dc T usb_show_progress
23f139e8 t usb_request_sense
23f13a50 t usb_test_unit_ready
23f13ad8 T usb_stor_get_info
23f13d4c T usb_storage_probe
23f13f78 T usb_stor_BBB_clear_endpt_stall
23f13fd0 t usb_stor_CB_reset
23f140b8 t usb_stor_BBB_reset
23f14198 T usb_stor_read
23f143b0 T usb_stor_scan
23f144fc T usb_stor_BBB_comdat
23f145e8 T usb_stor_BBB_transport
23f147c8 T usb_stor_CB_comdat
23f149f4 T usb_stor_CBI_get_status
23f14ad0 T usb_stor_CB_transport
23f14cbc T usb_stor_info
23f14d2c T parse_num
23f14e60 T xyzModem_error
23f14efc T xyzModem_stream_close
23f14f50 T CYGACC_COMM_IF_PUTC
23f14f5c T CYGACC_COMM_IF_GETC_TIMEOUT
23f14fb8 t xyzModem_flush
23f14fec T xyzModem_stream_terminate
23f150c0 t xyzModem_get_hdr
23f1536c T xyzModem_stream_read
23f155e8 T xyzModem_stream_open
23f15744 t __fswab32
23f15764 T image_multi_count
23f15788 t get_table_entry_name
23f157b0 T genimg_get_os_name
23f157c8 T genimg_get_arch_name
23f157e0 T genimg_get_type_name
23f157f8 T genimg_get_comp_name
23f15810 T genimg_has_config
23f15818 t get_table_entry_id
23f15864 T genimg_get_comp_id
23f1587c T genimg_get_type_id
23f15894 T genimg_get_arch_id
23f158ac T genimg_get_os_id
23f158c4 T image_multi_getimg
23f15950 t image_get_load
23f15958 t image_get_data_size
23f15960 t image_check_magic
23f15984 T genimg_get_format
23f15998 T genimg_get_image
23f15a0c T memmove_wd
23f15a10 T getenv_bootm_size
23f15a44 T getenv_bootm_low
23f15a78 T getenv_yesno
23f15a9c t genimg_print_size
23f15ac8 T image_print_contents
23f15c48 T image_check_dcrc
23f15c84 T image_check_hcrc
23f15cd8 T boot_get_ramdisk
23f15f44 T gunzip
23f1609c T zfree
23f160a4 T zalloc
23f160b4 T cyg_crc16
23f160fc t pin_to_controller
23f16118 t at91_set_A_periph
23f16158 T dram_init
23f16178 T reset_phy
23f16180 T board_init
23f16388 t pin_to_controller
23f163a4 t at91_set_gpio_value
23f163d8 t at91sam9g20ek_nand_hwcontrol
23f1643c t at91sam9g20ek_nand_ready
23f16458 T board_nand_init
23f16488 T crc32
23f16588 T crc32_no_comp
23f16680 T crc32_wd
23f16684 T print_size
23f16750 T display_options
23f16770 T print_buffer
23f168f0 T lmb_dump_all
23f168f4 t lmb_addrs_adjacent
23f16918 t lmb_remove_region
23f16954 T lmb_init
23f1697c t lmb_add_region
23f16b4c T lmb_add
23f16b50 T lmb_free
23f16c44 T lmb_reserve
23f16c4c T lmb_overlaps_region
23f16ca0 T __lmb_alloc_base
23f16db4 T lmb_is_reserved
23f16e10 T lmb_alloc_base
23f16e44 T lmb_alloc
23f16e4c T strcpy
23f16e64 T strncpy
23f16e8c T strcat
23f16eb8 T strncat
23f16f04 T strcmp
23f16f30 T strncmp
23f16f74 T strchr
23f16fa0 T strlen
23f16fc0 T strrchr
23f16ff8 T strnlen
23f17020 T strspn
23f17064 T strpbrk
23f170a4 T strtok
23f17128 T strsep
23f1715c T strswab
23f171a8 T memset
23f171c4 T bcopy
23f171f0 T memcpy
23f17210 T memmove
23f17258 T memcmp
23f17294 T memscan
23f172b8 T strstr
23f1731c T memchr
23f17348 T strdup
23f17384 T simple_strtoul
23f17444 T simple_strtol
23f1746c t skip_atoi
23f174a8 t number
23f17710 T panic
23f17768 T vsprintf
23f17bbc T sprintf
23f17bec t falloc
23f17c10 t ffree
23f17c14 t inflate_trees_free
23f17c48 t huft_build
23f18288 t inflate_codes_new
23f182d8 t inflate_codes_free
23f182f8 t inflate_blocks_reset
23f183c4 T inflateEnd
23f18464 T inflateReset
23f184cc T inflateSync
23f185cc T inflateInit2
23f1870c T inflateInit
23f18714 T adler32
23f18888 t inflate_flush
23f189fc T inflateIncomp
23f18b2c T inflate
23f1aa24 T interrupt_init
23f1aa34 t cp_delay
23f1aa60 T cpu_init
23f1aa68 t cache_enable
23f1aa88 t cache_disable
23f1aaa8 T icache_enable
23f1aab0 T icache_disable
23f1aab8 T dcache_enable
23f1aac0 T dcache_disable
23f1aac8 T dcache_status
23f1aad8 T cleanup_before_linux
23f1ab00 T do_reset
23f1ab18 T icache_status
23f1ab28 T at91sam9_eth_initialize
23f1ab3c T reset_timer_masked
23f1ab54 T get_timer_masked
23f1ab88 T get_timer
23f1abb4 T udelay_masked
23f1abdc T udelay
23f1abe0 T get_ticks
23f1abf4 T get_tbclk
23f1ac00 T reset_cpu
23f1ac14 T reset_timer
23f1ac2c T timer_init
23f1ac5c T AT91F_SpiEnable
23f1acc0 T AT91F_SpiWrite
23f1ad94 T AT91F_SpiInit
23f1adf0 T __ashldi3
23f1ae0c T __ashrdi3
23f1ae28 T __udivsi3
23f1ae40 t Loop1
23f1ae54 t Lbignum
23f1ae68 t Loop3
23f1aea8 t Lgot_result
23f1aeb0 t Ldiv0
23f1aec0 T __umodsi3
23f1aed4 t Loop1
23f1aee8 t Lbignum
23f1aefc t Loop3
23f1af64 t Ldiv0
23f1af74 T do_bootm_linux
23f1b1c0 T flush_cache
23f1b1c4 T print_part
23f1b2a0 T dev_print
23f1b448 T get_partition_info
23f1b46c T init_part
23f1b488 T get_dev
23f1b4ec t le32_to_int
23f1b514 t is_extended
23f1b534 T test_part_dos
23f1b588 t get_partition_info_extended
23f1b7c4 T get_partition_info_dos
23f1b7ec t print_partition_extended
23f1b9bc T print_part_dos
23f1b9e8 t nand_block_bad_scrub
23f1b9f0 T nand_lock
23f1ba60 T nand_unlock
23f1bb88 T nand_get_lock_status
23f1bc14 T nand_read_opts
23f1bfa4 T nand_write_opts
23f1c4b8 T nand_erase_opts
23f1c870 t macb_mdio_write
23f1c8d0 t macb_mdio_read
23f1c930 t reclaim_rx_buffers
23f1c994 t macb_halt
23f1c9c4 t dma_alloc_coherent
23f1c9d8 T macb_eth_initialize
23f1cab8 t macb_recv
23f1cba8 t macb_init
23f1cea4 t macb_send
23f1cf74 t td_alloc
23f1cfb4 t ep_rev
23f1cfec T rh_check_port_status
23f1d044 t td_fill
23f1d0e4 t td_submit_job
23f1d330 t hc_reset
23f1d3ec T usb_lowlevel_stop
23f1d424 t hc_release_ohci
23f1d434 t hc_interrupt
23f1d958 T usb_event_poll
23f1d95c T usb_lowlevel_init
23f1db3c t urb_free_priv
23f1db84 T sohci_submit_job
23f1e0b4 T submit_common_msg
23f1e200 T submit_int_msg
23f1e224 T submit_control_msg
23f1e858 T submit_bulk_msg
23f1e878 T __div64_32
23f1e99c T usb_cpu_stop
23f1e9b8 T usb_cpu_init_fail
23f1e9bc T usb_cpu_init
23f1e9d8 R version_string
23f1ea00 r C.31.2837
23f1ea90 r default_nand_name
23f1ea98 r C.41.3556
23f1ea9c r __FUNCTION__.3400
23f1eab0 r nand_ecc_precalc_table
23f1ebb0 r baudrate_table
23f1ebc4 r crc16_tab
23f1edc4 r at91_pios
23f1edd0 r at91_pios
23f1eddc r crc_table
23f1f1dc r border
23f1f228 r inflate_mask
23f1f26c r block_drvr
23f1f27c r cc_to_error
23f25770 D init_sequence
23f257a0 D NetOurVLAN
23f257a2 D NetBcastAddr
23f257a8 D NetOurNativeVLAN
23f257aa d TftpBlkSize
23f257ac d nfs_offset
23f257b0 D nand_curr_device
23f257b4 d nand_oob_8
23f258bc d nand_oob_16
23f259c4 d nand_oob_64
23f25acc d nand_oob_128
23f25bd4 D nand_flash_ids
23f260cc D nand_manuf_ids
23f2610c d bbt_main_descr
23f26130 d bbt_mirror_descr
23f26154 d agand_flashbased
23f26178 d largepage_flashbased
23f2619c d smallpage_flashbased
23f261c0 d largepage_memorybased
23f261e4 d smallpage_memorybased
23f26208 d bbt_pattern
23f2620c d mirror_pattern
23f26210 d scan_agand_pattern
23f26216 d scan_ff_pattern
23f26218 d erase_seq
23f2621c d tab_seq
23f26228 d hist_cur
23f2622c D load_addr
23f26230 D op_table
23f26298 D dp_last_length
23f2629c d usb_stor_curr_dev
23f262a0 D stdio_names
23f262ac d av_
23f266b4 d trim_threshold
23f266b8 d mmap_threshold
23f266bc d sbrk_base
23f266c0 D default_environment
23f26788 D default_environment_size
23f2678c D env_name_spec
23f26790 D us_direction
23f267b0 d uimage_os
23f267f8 d uimage_arch
23f268e8 d uimage_type
23f26960 d uimage_comp
23f26990 D cs
23f269a0 D area_list
23f26a40 D _ctype
23f26b40 d fixed_left
23f26b44 d cplens
23f26bc0 d cplext
23f26c3c d cpdist
23f26cb4 d cpdext
23f26d2c D zlib_version
23f26d30 D z_errmsg
23f26d50 d autoplace_oobinfo
23f26e58 d jffs2_oobinfo
23f26f60 d yaffs_oobinfo
23f27068 d root_hub_dev_des
23f2707a d root_hub_config_des
23f27093 d root_hub_str_index0
23f27097 d root_hub_str_index1
23f270b4 A __u_boot_cmd_start
23f270b4 D __u_boot_cmd_go
23f270cc D __u_boot_cmd_reset
23f270e4 D __u_boot_cmd_bootm
23f270fc D __u_boot_cmd_boot
23f27114 D __u_boot_cmd_bootd
23f2712c D __u_boot_cmd_coninfo
23f27144 D __u_boot_cmd_flinfo
23f2715c D __u_boot_cmd_erase
23f27174 D __u_boot_cmd_protect
23f2718c D __u_boot_cmd_itest
23f271a4 D __u_boot_cmd_loadb
23f271bc D __u_boot_cmd_loady
23f271d4 D __u_boot_cmd_md
23f271ec D __u_boot_cmd_mm
23f27204 D __u_boot_cmd_nm
23f2721c D __u_boot_cmd_mw
23f27234 D __u_boot_cmd_cp
23f2724c D __u_boot_cmd_cmp
23f27264 D __u_boot_cmd_crc32
23f2727c D __u_boot_cmd_base
23f27294 D __u_boot_cmd_loop
23f272ac D __u_boot_cmd_mtest
23f272c4 D __u_boot_cmd_sleep
23f272dc D __u_boot_cmd_nand
23f272f4 D __u_boot_cmd_nboot
23f2730c D __u_boot_cmd_bootp
23f27324 D __u_boot_cmd_tftpboot
23f2733c D __u_boot_cmd_rarpboot
23f27354 D __u_boot_cmd_dhcp
23f2736c D __u_boot_cmd_nfs
23f27384 D __u_boot_cmd_ping
23f2739c D __u_boot_cmd_printenv
23f273b4 D __u_boot_cmd_setenv
23f273cc D __u_boot_cmd_saveenv
23f273e4 D __u_boot_cmd_run
23f273fc D __u_boot_cmd_usb
23f27414 D __u_boot_cmd_usbboot
23f2742c D __u_boot_cmd_imxtract
23f27444 D __u_boot_cmd_version
23f2745c D __u_boot_cmd_echo
23f27474 D __u_boot_cmd_help
23f2748c D __u_boot_cmd_question_mark
23f274a4 A __bss_start
23f274a4 A __u_boot_cmd_end
23f27500 b mem_malloc_brk
23f27504 b mem_malloc_start
23f27508 b mem_malloc_end
23f2750c B monitor_flash_len
23f27510 B NetState
23f27514 b packetHandler
23f27518 B NetOurEther
23f27520 B NetIPID
23f27524 B NetOurIP
23f27528 B NetPingIP
23f2752c B NetTxPacket
23f27530 B NetArpWaitPacketIP
23f27534 B NetOurSubnetMask
23f27538 B NetOurGatewayIP
23f2753c B NetArpWaitReplyIP
23f27540 B NetRxPkt
23f27544 B NetRxPktLen
23f27548 B NetArpWaitPacketMAC
23f2754c B NetArpWaitTxPacket
23f27550 B NetArpWaitTxPacketSize
23f27554 B NetServerIP
23f27558 B NetServerEther
23f2755e b mac.3402
23f27564 B NetEtherNullAddr
23f2756a b PingSeqNo
23f2756c B NetArpWaitTry
23f27570 B NetArpWaitTimerStart
23f27574 b timeHandler
23f27578 b timeStart
23f2757c b timeDelta
23f27580 b NetRestarted
23f27584 B NetRestartWrap
23f27588 b NetDevExists
23f2758c B PktBuf
23f293ac B NetRxPackets
23f293bc B NetArpWaitPacketBuf
23f299dc B NetBootFileXferSize
23f299e0 B NetOurDNSIP
23f299e4 B NetOurNISDomain
23f29a04 B NetOurHostName
23f29a24 B NetOurRootPath
23f29a64 B NetBootFileSize
23f29a66 B BootFile
23f29ae8 b TftpState
23f29aec b tftp_filename
23f29b6c b TftpBlock
23f29b70 b TftpServerIP
23f29b74 b TftpServerPort
23f29b78 b TftpOurPort
23f29b7c b default_filename
23f29b8c b TftpTimeoutCount
23f29b90 b TftpBlockWrap
23f29b94 b TftpBlockWrapOffset
23f29b98 b TftpLastBlock
23f29b9c B dhcp_leasetime
23f29ba0 B NetDHCPServerIP
23f29ba4 B dhcp_state
23f29ba8 B BootpTry
23f29bac B BootpID
23f29bb0 B RarpTry
23f29bb4 b eth_current
23f29bb8 b eth_devices
23f29bbc b first_failed.3385
23f29bc0 b rpc_id
23f29bc4 b NfsSrvMountPort
23f29bc8 b NfsSrvNfsPort
23f29bcc b NfsServerIP
23f29bd0 b NfsOurPort
23f29bd4 b NfsState
23f29bd8 b nfs_path
23f29bdc b fs_mounted
23f29be0 b nfs_filename
23f29be4 b dirfh
23f29c04 b nfs_len
23f29c08 b filefh
23f29c28 b NfsDownloadState
23f29c2c b nfs_path_buff
23f2a42c b default_filename
23f2a46c b NfsTimeoutCount
23f2a470 b DataFlashInst
23f2a478 B nand_info
23f2a600 b nand_chip
23f2a6bc b ffchars
23f2a6c0 b initted.3095
23f2a6c4 b hist_max
23f2a6c8 b hist_add_idx
23f2a6cc B hist_num
23f2a6d0 B hist_lines
23f2bad0 B hist_list
23f2bb20 B console_buffer
23f2bc20 b lastcommand.2865
23f2bd20 b images
23f2bd70 b os_data_state
23f2bd74 B os_data_count
23f2bd78 b os_data_addr
23f2bd7c b bin_start_address
23f2bd80 b k_data_escape
23f2bd84 B os_data_init
23f2bd88 b k_data_escape_saved
23f2bd8c b os_data_state_saved
23f2bd90 b os_data_count_saved
23f2bd94 b os_data_addr_saved
23f2bd98 B os_data_char
23f2bd9c B his_quote
23f2bda0 B his_pad_count
23f2bda4 B his_pad_char
23f2bda5 B his_eol
23f2bda8 B send_ptr
23f2bdac B send_parms
23f2bdc0 b a_b
23f2bdd8 b base_address
23f2bddc B mm_last_addr
23f2bde0 B mm_last_size
23f2bde4 B dp_last_addr
23f2bde8 B dp_last_size
23f2bdec b ctrlc_disabled
23f2bdf0 b ctrlc_was_pressed
23f2bdf4 B devlist
23f2bdf8 B stdio_devices
23f2be04 b top_pad
23f2be08 b n_mmaps_max
23f2be0c b current_mallinfo
23f2be34 b max_sbrked_mem
23f2be38 b max_total_mem
23f2be3c B env_ptr
23f2be40 b asynch_allowed
23f2be44 b usb_dev
23f386c4 b usb_hub_index
23f386c8 b hub_dev
23f387c8 b dev_index
23f387cc b setup_packet
23f387d4 b running
23f387d8 B usb_started
23f387dc b usb_dev_desc
23f389f8 b usb_ccb
23f38a88 b usb_stor_buf
23f38c88 b usb_max_devs
23f38c8c b usb_stor
23f38d90 b CBWTag
23f38d94 b xyz
23f391d0 B dataflash_info
23f393a8 B ___strtok
23f393ac b fixed_mem
23f3a43c b fixed_lock
23f3a440 b fixed_built
23f3a444 b fixed_bl
23f3a448 b fixed_tl
23f3a44c b fixed_bd
23f3a450 b fixed_td
23f3a454 B resettime
23f3a458 b params
23f3a45c b data_buf
23f3ac5c b oob_buf
23f3ac9c b none_oobinfo
23f3ae00 B ptd
23f3ae04 b gohci
23f3af4c b ohci_inited
23f3af50 B got_rhsc
23f3b000 B ghcca
23f3b100 B phcca
23f3b110 B ohci_dev
23f3b2a0 B gtd
23f3c2e0 B devgone
23f3c300 A _end
