Archive member included because of file (symbol)

lib_arm/libarm.a(board.o)     cpu/arm926ejs/start.o (start_armboot)
lib_arm/libarm.a(interrupts.o)
                              lib_arm/libarm.a(board.o) (enable_interrupts)
lib_arm/libarm.a(_divsi3.o)   lib_arm/libarm.a(board.o) (__divsi3)
lib_arm/libarm.a(_modsi3.o)   lib_arm/libarm.a(board.o) (__modsi3)
lib_arm/libarm.a(div0.o)      lib_arm/libarm.a(_divsi3.o) (__div0)
net/libnet.a(net.o)           lib_arm/libarm.a(board.o) (copy_filename)
net/libnet.a(tftp.o)          net/libnet.a(net.o) (TftpStart)
net/libnet.a(bootp.o)         net/libnet.a(net.o) (BootpRequest)
net/libnet.a(rarp.o)          net/libnet.a(net.o) (RarpRequest)
net/libnet.a(eth.o)           net/libnet.a(net.o) (eth_get_dev)
net/libnet.a(nfs.o)           net/libnet.a(net.o) (NfsStart)
drivers/mtd/libmtd.a(dataflash.o)
                              lib_arm/libarm.a(board.o) (dataflash_print_info)
drivers/mtd/libmtd.a(at45.o)  drivers/mtd/libmtd.a(dataflash.o) (AT91F_DataflashProbe)
drivers/mtd/nand/libnand.a(nand.o)
                              lib_arm/libarm.a(board.o) (nand_init)
drivers/mtd/nand/libnand.a(nand_base.o)
                              drivers/mtd/nand/libnand.a(nand.o) (nand_scan)
drivers/mtd/nand/libnand.a(nand_ids.o)
                              drivers/mtd/nand/libnand.a(nand_base.o) (nand_flash_ids)
drivers/mtd/nand/libnand.a(nand_ecc.o)
                              drivers/mtd/nand/libnand.a(nand_base.o) (nand_calculate_ecc)
drivers/mtd/nand/libnand.a(nand_bbt.o)
                              drivers/mtd/nand/libnand.a(nand_base.o) (nand_isbad_bbt)
drivers/serial/libserial.a(atmel_usart.o)
                              lib_arm/libarm.a(board.o) (serial_init)
common/libcommon.a(main.o)    lib_arm/libarm.a(board.o) (main_loop)
common/libcommon.a(cmd_boot.o)
                              (__u_boot_cmd_go)
common/libcommon.a(cmd_bootm.o)
                              common/libcommon.a(main.o) (do_bootd)
common/libcommon.a(cmd_console.o)
                              (__u_boot_cmd_coninfo)
common/libcommon.a(cmd_flash.o)
                              (__u_boot_cmd_flinfo)
common/libcommon.a(cmd_itest.o)
                              (__u_boot_cmd_itest)
common/libcommon.a(cmd_load.o)
                              (__u_boot_cmd_loadb)
common/libcommon.a(cmd_mem.o)
                              common/libcommon.a(cmd_itest.o) (cmd_get_data_size)
common/libcommon.a(cmd_misc.o)
                              (__u_boot_cmd_sleep)
common/libcommon.a(cmd_nand.o)
                              (__u_boot_cmd_nand)
common/libcommon.a(cmd_net.o)
                              (__u_boot_cmd_bootp)
common/libcommon.a(cmd_nvedit.o)
                              lib_arm/libarm.a(board.o) (getenv_r)
common/libcommon.a(cmd_usb.o)
                              (__u_boot_cmd_usb)
common/libcommon.a(cmd_ximg.o)
                              (__u_boot_cmd_imxtract)
common/libcommon.a(command.o)
                              common/libcommon.a(main.o) (find_cmd)
common/libcommon.a(console.o)
                              lib_arm/libarm.a(board.o) (printf)
common/libcommon.a(devices.o)
                              lib_arm/libarm.a(board.o) (devices_init)
common/libcommon.a(dlmalloc.o)
                              drivers/mtd/nand/libnand.a(nand_base.o) (free)
common/libcommon.a(env_common.o)
                              common/libcommon.a(cmd_nvedit.o) (env_get_addr)
common/libcommon.a(env_nand.o)
                              common/libcommon.a(env_common.o) (env_get_char_spec)
common/libcommon.a(exports.o)
                              lib_arm/libarm.a(board.o) (jumptable_init)
common/libcommon.a(lists.o)   common/libcommon.a(cmd_console.o) (ListGetPtrToItem)
common/libcommon.a(usb.o)     common/libcommon.a(cmd_usb.o) (usb_get_dev_index)
common/libcommon.a(usb_storage.o)
                              common/libcommon.a(cmd_usb.o) (usb_stor_get_dev)
common/libcommon.a(xyzModem.o)
                              common/libcommon.a(cmd_load.o) (xyzModem_error)
common/libcommon.a(image.o)   common/libcommon.a(cmd_ximg.o) (image_multi_count)
common/libcommon.a(gunzip.o)  common/libcommon.a(cmd_bootm.o) (gunzip)
common/libcommon.a(crc16.o)   common/libcommon.a(xyzModem.o) (cyg_crc16)
board/atmel/at91sam9g20ek/libat91sam9g20ek.a(at91sam9g20ek.o)
                              lib_arm/libarm.a(board.o) (dram_init)
board/atmel/at91sam9g20ek/libat91sam9g20ek.a(partition.o)
                              drivers/mtd/libmtd.a(dataflash.o) (cs)
board/atmel/at91sam9g20ek/libat91sam9g20ek.a(nand.o)
                              drivers/mtd/nand/libnand.a(nand.o) (board_nand_init)
lib_generic/libgeneric.a(crc32.o)
                              common/libcommon.a(cmd_mem.o) (crc32)
lib_generic/libgeneric.a(ctype.o)
                              common/libcommon.a(usb.o) (_ctype)
lib_generic/libgeneric.a(display_options.o)
                              lib_arm/libarm.a(board.o) (print_size)
[...]
Memory Configuration

Name             Origin             Length             Attributes
*default*        0x00000000         0xffffffff

Linker script and memory map

                0x00000000                . = 0x0
                0x00000000                . = ALIGN (0x4)

.text           0x23f00000    0x1e9d8
 cpu/arm926ejs/start.o(.text)
 .text          0x23f00000      0x340 cpu/arm926ejs/start.o
                0x23f00048                _bss_start
                0x23f0004c                _bss_end
                0x23f00044                _armboot_start
                0x23f00000                _start
 *(.text)
 .text          0x23f00340      0x370 lib_arm/libarm.a(board.o)
                0x23f00390                __yellow_LED_off
                0x23f00384                green_LED_on
                0x23f003a8                hang
                0x23f00384                __green_LED_on
                0x23f0038c                __yellow_LED_on
                0x23f0038c                yellow_LED_on
                0x23f00388                __green_LED_off
                0x23f00380                __red_LED_off
                0x23f00468                start_armboot
                0x23f00648                strmhz
                0x23f00378                coloured_LED_init
                0x23f00390                yellow_LED_off
                0x23f00380                red_LED_off
                0x23f00340                sbrk
                0x23f00388                green_LED_off
                0x23f00378                __coloured_LED_init
                0x23f0037c                red_LED_on
                0x23f0037c                __red_LED_on
 .text          0x23f006b0      0x260 lib_arm/libarm.a(interrupts.o)
                0x23f00838                do_fiq
                0x23f008ec                do_undefined_instruction
                0x23f006bc                show_regs
                0x23f00814                do_irq
                0x23f007f8                bad_mode
                0x23f008a4                do_prefetch_abort
                0x23f006b4                disable_interrupts
                0x23f0085c                do_not_used
                0x23f00880                do_data_abort
                0x23f008c8                do_software_interrupt
                0x23f006b0                enable_interrupts
 *fill*         0x23f00910       0x10 00
 .text          0x23f00920      0x140 lib_arm/libarm.a(_divsi3.o)
                0x23f00920                __divsi3
 .text          0x23f00a60      0x100 lib_arm/libarm.a(_modsi3.o)
                0x23f00a60                __modsi3
 .text          0x23f00b60        0x4 lib_arm/libarm.a(div0.o)
                0x23f00b60                __div0
 .text          0x23f00b64     0x1444 net/libnet.a(net.o)
                0x23f00d50                getenv_IPaddr
                0x23f00c10                NetCksumOk
                0x23f01868                NetSetTimeout
                0x23f00c34                copy_filename
                0x23f00d60                NetEthHdrSize
                0x23f00e04                ip_to_string
                0x23f01adc                ArpTimeoutCheck
                0x23f01198                NetReceive
                0x23f00cdc                string_to_ip
                0x23f01898                NetSendUDPPacket
                0x23f00e50                print_IPaddr
                0x23f00e74                NetSetEther
                0x23f01b50                NetLoop
                0x23f010a8                ArpRequest
                0x23f00da4                VLAN_to_string
                0x23f00ccc                getenv_VLAN
                0x23f00bcc                NetCksum
                0x23f00f2c                NetSetIP
                0x23f00c84                string_to_VLAN
                0x23f019f4                NetStartAgain
                0x23f00bbc                NetSetHandler
                0x23f0172c                PingSend
                0x23f010a4                NetSendPacket
 .text          0x23f01fa8      0x730 net/libnet.a(tftp.o)
                0x23f0215c                TftpStart
 .text          0x23f026d8      0xa2c net/libnet.a(bootp.o)
                0x23f02d40                DhcpRequest
                0x23f02b78                BootpRequest
 .text          0x23f03104      0x1a8 net/libnet.a(rarp.o)
                0x23f03104                RarpRequest
 .text          0x23f032ac      0x6e8 net/libnet.a(eth.o)
                0x23f033c4                eth_get_dev_by_name
                0x23f03310                eth_halt
                0x23f032ac                cpu_eth_init
                0x23f0352c                eth_register
                0x23f032b4                eth_get_dev
                0x23f032ac                board_eth_init
                0x23f03484                eth_try_another
                0x23f03630                eth_set_enetaddr
                0x23f036e8                eth_initialize
                0x23f03418                eth_set_current
                0x23f03378                eth_rx
                0x23f032c4                eth_get_dev_index
                0x23f035b4                eth_init
                0x23f033a4                eth_get_name
                0x23f03344                eth_send
 .text          0x23f03994      0xd64 net/libnet.a(nfs.o)
                0x23f03f58                NfsStart
 .text          0x23f046f8      0x894 drivers/mtd/libmtd.a(dataflash.o)
                0x23f04cec                AT91F_DataflashInit
                0x23f04950                dataflash_perror
                0x23f046f8                AT91F_DataflashSelect
                0x23f049e8                dataflash_print_info
                0x23f047f0                prot_dataflash
                0x23f04788                addr_dataflash
                0x23f047bc                size_dataflash
                0x23f04850                dataflash_real_protect
                0x23f04b4c                write_dataflash
                0x23f04bdc                read_dataflash
                0x23f04c48                AT91F_DataflashSetEnv
 .text          0x23f04f8c      0x7a0 drivers/mtd/libmtd.a(at45.o)
                0x23f055e0                AT91F_DataFlashPagePgmBuf
                0x23f05630                AT91F_DataFlashContinuousRead
                0x23f0528c                AT91F_WriteBufferToMain
                0x23f0511c                AT91F_DataFlashWaitReady
                0x23f052e8                AT91F_BlockErase
                0x23f05698                AT91F_DataFlashRead
                0x23f0509c                AT91F_DataFlashGetStatus
                0x23f05318                AT91F_PageErase
                0x23f05344                AT91F_MainMemoryToBufferTransfert
                0x23f050f4                AT91F_DataflashProbe
                0x23f04f8c                AT91F_DataFlashWriteBuffer
                0x23f0545c                AT91F_DataFlashWrite
                0x23f05160                AT91F_DataFlashSendCommand
                0x23f05394                AT91F_PartialPageWrite
 .text          0x23f0572c       0x9c drivers/mtd/nand/libnand.a(nand.o)
                0x23f0572c                nand_init
 .text          0x23f057c8     0x287c drivers/mtd/nand/libnand.a(nand_base.o)
                0x23f07ec4                nand_read_raw
                0x23f05d30                nand_scan
                0x23f06d30                nand_erase_nand
                0x23f05ad4                nand_release
 .text          0x23f08044        0x0 drivers/mtd/nand/libnand.a(nand_ids.o)
 .text          0x23f08044      0x220 drivers/mtd/nand/libnand.a(nand_ecc.o)
                0x23f0813c                nand_correct_data
                0x23f08044                nand_calculate_ecc
 .text          0x23f08264     0x162c drivers/mtd/nand/libnand.a(nand_bbt.o)
                0x23f0831c                nand_isbad_bbt
                0x23f097bc                nand_default_bbt
                0x23f08cdc                nand_update_bbt
                0x23f09354                nand_scan_bbt
 .text          0x23f09890       0xd8 drivers/serial/libserial.a(atmel_usart.o)
                0x23f09890                serial_setbrg
                0x23f09958                serial_tstc
                0x23f098ec                serial_putc
                0x23f098c0                serial_init
                0x23f0991c                serial_puts
                0x23f09940                serial_getc
 .text          0x23f09968     0x1074 common/libcommon.a(main.o)
                0x23f09968                __show_boot_progress
                0x23f099f8                run_command
                0x23f09d8c                do_run
                0x23f0996c                parse_line
                0x23f0a854                readline
                0x23f09968                show_boot_progress
                0x23f0a860                main_loop
                0x23f0a030                readline_into_buffer
 .text          0x23f0a9dc       0xa4 common/libcommon.a(cmd_boot.o)
                0x23f0a9f4                do_go
                0x23f0a9dc                do_go_exec
 .text          0x23f0aa80      0x6b8 common/libcommon.a(cmd_bootm.o)
                0x23f0aaa4                do_bootd
                0x23f0aad8                do_bootm
                0x23f0aaa0                board_lmb_reserve
                0x23f0aaa0                __board_lmb_reserve
 .text          0x23f0b138       0xe0 common/libcommon.a(cmd_console.o)
                0x23f0b138                do_coninfo
 .text          0x23f0b218      0x154 common/libcommon.a(cmd_flash.o)
                0x23f0b35c                do_flinfo
                0x23f0b220                do_protect
                0x23f0b218                do_flerase
 .text          0x23f0b36c      0x2ec common/libcommon.a(cmd_itest.o)
                0x23f0b3d4                binary_test
                0x23f0b5b0                do_itest
 .text          0x23f0b658      0xa14 common/libcommon.a(cmd_load.o)
                0x23f0b6fc                k_data_init
                0x23f0b7f0                s1_sendpacket
                0x23f0b818                handle_send_packet
                0x23f0b744                k_data_restore
                0x23f0b9c8                send_nack
                0x23f0baa8                do_load_serial_bin
                0x23f0b76c                k_data_char
                0x23f0b680                chk1
                0x23f0b71c                k_data_save
                0x23f0b658                ktrans
                0x23f0b7c0                send_pad
                0x23f0ba28                send_ack
 .text          0x23f0c06c      0xb0c common/libcommon.a(cmd_mem.o)
                0x23f0c06c                do_mem_base
                0x23f0c95c                do_mem_mw
                0x23f0c0b0                do_mem_crc
                0x23f0c498                do_mem_nm
                0x23f0c4c0                do_mem_mm
                0x23f0c5e0                do_mem_cp
                0x23f0c16c                do_mem_mtest
                0x23f0c780                do_mem_cmp
                0x23f0c294                cmd_get_data_size
                0x23f0c4e8                do_mem_loop
                0x23f0ca2c                do_mem_md
 .text          0x23f0cb78       0x90 common/libcommon.a(cmd_misc.o)
                0x23f0cb78                do_sleep
 .text          0x23f0cc08     0x10d0 common/libcommon.a(cmd_nand.o)
                0x23f0cd50                do_nandboot
                0x23f0d120                do_nand
 .text          0x23f0dcd8      0x3d8 common/libcommon.a(cmd_net.o)
                0x23f0e08c                do_rarpb
                0x23f0dcd8                do_ping
                0x23f0e098                do_tftpb
                0x23f0e080                do_dhcp
                0x23f0e0a4                do_bootp
                0x23f0e074                do_nfs
 .text          0x23f0e0b0      0x930 common/libcommon.a(cmd_nvedit.o)
                0x23f0e1f4                getenv
                0x23f0e264                _do_setenv
                0x23f0e110                getenv_r
                0x23f0e864                do_printenv
                0x23f0e81c                setenv
                0x23f0e1c8                do_saveenv
                0x23f0e7dc                do_setenv
                0x23f0e0b0                envmatch
 .text          0x23f0e9e0     0x1334 common/libcommon.a(cmd_usb.o)
                0x23f0f6e4                usb_display_conf_desc
                0x23f0f100                usb_show_tree_graph
                0x23f0e9e0                usb_get_class_desc
                0x23f0ea88                usb_display_ep_desc
                0x23f0f3ec                usb_display_desc
                0x23f0eb5c                usb_display_class_sub
                0x23f0f3b8                usb_show_tree
                0x23f0f624                usb_display_string
                0x23f0f65c                usb_display_if_desc
                0x23f0f794                usb_display_config
                0x23f0ed64                do_usbboot
                0x23f0f828                do_usb
 .text          0x23f0fd14      0x240 common/libcommon.a(cmd_ximg.o)
                0x23f0fd14                do_imgextract
 .text          0x23f0ff54      0x2e0 common/libcommon.a(command.o)
                0x23f0ffe8                do_echo
                0x23f0ff54                find_cmd
                0x23f1006c                do_help
                0x23f10214                do_version
 .text          0x23f10234      0x588 common/libcommon.a(console.o)
                0x23f10540                console_init_r
                0x23f104fc                printf
                0x23f103d4                console_assign
                0x23f10754                getc
                0x23f104b0                puts
                0x23f103b8                dbg
                0x23f106d8                serial_printf
                0x23f102fc                ftstc
                0x23f10464                fprintf
                0x23f1073c                tstc
                0x23f104cc                vprintf
                0x23f1076c                ctrlc
                0x23f1071c                putc
                0x23f1037c                disable_ctrlc
                0x23f102d4                fgetc
                0x23f10394                had_ctrlc
                0x23f10324                fputc
                0x23f103c4                console_init_f
                0x23f103a4                clear_ctrlc
                0x23f10350                fputs
 .text          0x23f107bc       0xec common/libcommon.a(devices.o)
                0x23f107d8                device_register
                0x23f107bc                devices_done
                0x23f107fc                devices_init
 .text          0x23f108a8     0x10bc common/libcommon.a(dlmalloc.o)
                0x23f10cc4                malloc
                0x23f113f0                pvalloc
                0x23f11414                calloc
                0x23f108e0                malloc_usable_size
                0x23f114f4                realloc
                0x23f1099c                malloc_trim
                0x23f108a8                malloc_bin_reloc
                0x23f10924                mallopt
                0x23f112e0                memalign
                0x23f10cc0                cfree
                0x23f11408                valloc
                0x23f10a68                free
 .text          0x23f11964      0x16c common/libcommon.a(env_common.o)
                0x23f11a80                env_get_char
                0x23f11984                env_get_addr
                0x23f119d0                set_default_env
                0x23f11a20                env_relocate
                0x23f119a4                env_crc_update
                0x23f11964                env_get_char_memory
 .text          0x23f11ad0      0x414 common/libcommon.a(env_nand.o)
                0x23f11c64                env_relocate_spec
                0x23f11dd8                saveenv
                0x23f11ae4                env_get_char_spec
                0x23f11af0                env_init
                0x23f11b0c                writeenv
                0x23f11bb8                readenv
 .text          0x23f11ee4       0xe4 common/libcommon.a(exports.o)
                0x23f11ef0                jumptable_init
                0x23f11ee8                get_version
 .text          0x23f11fc8      0x3e0 common/libcommon.a(lists.o)
                0x23f122c8                DisposeHandle
                0x23f122e8                ListDispose
                0x23f120fc                ListInsertItems
                0x23f11fd0                ListSetAllocationPolicy
                0x23f12020                ListGetItemSize
                0x23f12014                ListGetDataPtr
                0x23f122ec                NewHandle
                0x23f12080                SetHandleSize
                0x23f122c0                ListInsertItem
                0x23f11fc8                GetHandleSize
                0x23f1202c                ListNumItems
                0x23f11fe4                ListGetPtrToItem
                0x23f12348                ListCreate
                0x23f12038                ListGetItems
 .text          0x23f123a8     0x15dc common/libcommon.a(usb.o)
                0x23f12e88                usb_set_idle
                0x23f123c0                usb_maxpacket
                0x23f13778                usb_hub_probe
                0x23f1395c                usb_stop
                0x23f138e0                usb_init
                0x23f123a8                usb_disable_asynch
                0x23f1383c                usb_clear_halt
                0x23f12734                usb_bulk_msg
                0x23f12d98                usb_get_class_descriptor
                0x23f137d8                usb_scan_devices
                0x23f12ab0                usb_get_hub_descriptor
                0x23f1289c                usb_get_port_status
                0x23f12710                usb_submit_int_msg
                0x23f125c0                usb_parse_config
                0x23f12794                usb_control_msg
                0x23f12eec                usb_set_protocol
                0x23f13418                usb_hub_port_connect_change
                0x23f12fbc                usb_set_interface
                0x23f124d8                usb_hub_allocate
                0x23f12c9c                usb_string
                0x23f12e10                usb_get_report
                0x23f130d0                usb_get_descriptor
                0x23f13558                usb_hub_configure
                0x23f12b10                usb_get_string
                0x23f12714                wait_ms
                0x23f12a58                usb_clear_hub_feature
                0x23f13140                usb_get_configuration_no
                0x23f129f8                usb_clear_port_feature
                0x23f12954                usb_set_port_feature
                0x23f131e0                usb_new_device
                0x23f128fc                usb_get_hub_status
                0x23f12f4c                usb_set_configuration
                0x23f123e4                usb_set_maxpacket
                0x23f13088                usb_set_address
                0x23f12520                usb_alloc_new_device
                0x23f124c4                usb_hub_reset
                0x23f12494                usb_get_dev_index
 .text          0x23f13984     0x13a8 common/libcommon.a(usb_storage.o)
                0x23f13d4c                usb_storage_probe
                0x23f14ad0                usb_stor_CB_transport
                0x23f147c8                usb_stor_CB_comdat
                0x23f139a4                usb_stor_get_dev
                0x23f14198                usb_stor_read
                0x23f139dc                usb_show_progress
                0x23f143b0                usb_stor_scan
                0x23f144fc                usb_stor_BBB_comdat
                0x23f14cbc                usb_stor_info
                0x23f13ad8                usb_stor_get_info
                0x23f13f78                usb_stor_BBB_clear_endpt_stall
                0x23f149f4                usb_stor_CBI_get_status
                0x23f145e8                usb_stor_BBB_transport
 .text          0x23f14d2c      0xa18 common/libcommon.a(xyzModem.o)
                0x23f14e60                xyzModem_error
                0x23f14efc                xyzModem_stream_close
                0x23f14f5c                CYGACC_COMM_IF_GETC_TIMEOUT
                0x23f14d2c                parse_num
                0x23f14fec                xyzModem_stream_terminate
                0x23f155e8                xyzModem_stream_open
                0x23f14f50                CYGACC_COMM_IF_PUTC
                0x23f1536c                xyzModem_stream_read
 .text          0x23f15744      0x800 common/libcommon.a(image.o)
                0x23f15a10                getenv_bootm_size
                0x23f15ac8                image_print_contents
                0x23f15864                genimg_get_comp_id
                0x23f158ac                genimg_get_os_id
                0x23f15810                genimg_has_config
                0x23f15894                genimg_get_arch_id
                0x23f157c8                genimg_get_arch_name
                0x23f15cd8                boot_get_ramdisk
                0x23f15c84                image_check_hcrc
                0x23f157b0                genimg_get_os_name
                0x23f157e0                genimg_get_type_name
                0x23f15984                genimg_get_format
                0x23f157f8                genimg_get_comp_name
                0x23f15c48                image_check_dcrc
                0x23f15a44                getenv_bootm_low
                0x23f15998                genimg_get_image
                0x23f1587c                genimg_get_type_id
                0x23f15764                image_multi_count
                0x23f15a0c                memmove_wd
                0x23f158c4                image_multi_getimg
                0x23f15a78                getenv_yesno
 .text          0x23f15f44      0x170 common/libcommon.a(gunzip.o)
                0x23f15f44                gunzip
                0x23f1609c                zfree
                0x23f160a4                zalloc
 .text          0x23f160b4       0x48 common/libcommon.a(crc16.o)
                0x23f160b4                cyg_crc16
 .text          0x23f160fc      0x28c board/atmel/at91sam9g20ek/libat91sam9g20ek.a(at91sam9g20ek.o)
                0x23f16158                dram_init
                0x23f16180                board_init
                0x23f16178                reset_phy
 .text          0x23f16388        0x0 board/atmel/at91sam9g20ek/libat91sam9g20ek.a(partition.o)
 .text          0x23f16388      0x100 board/atmel/at91sam9g20ek/libat91sam9g20ek.a(nand.o)
                0x23f16458                board_nand_init
 .text          0x23f16488      0x1fc lib_generic/libgeneric.a(crc32.o)
                0x23f16488                crc32
                0x23f16680                crc32_wd
                0x23f16588                crc32_no_comp
 .text          0x23f16684        0x0 lib_generic/libgeneric.a(ctype.o)
 .text          0x23f16684      0x26c lib_generic/libgeneric.a(display_options.o)
                0x23f16770                print_buffer
                0x23f16750                display_options
                0x23f16684                print_size
 .text          0x23f168f0      0x55c lib_generic/libgeneric.a(lmb.o)
                0x23f16c4c                lmb_overlaps_region
                0x23f16b4c                lmb_add
                0x23f168f0                lmb_dump_all
                0x23f16b50                lmb_free
                0x23f16e10                lmb_alloc_base
                0x23f16e44                lmb_alloc
                0x23f16ca0                __lmb_alloc_base
                0x23f16954                lmb_init
                0x23f16db4                lmb_is_reserved
                0x23f16c44                lmb_reserve
 .text          0x23f16e4c      0x538 lib_generic/libgeneric.a(string.o)
                0x23f16e4c                strcpy
                0x23f17294                memscan
                0x23f17210                memmove
                0x23f171f0                memcpy
                0x23f1715c                strswab
                0x23f16ff8                strnlen
                0x23f16fc0                strrchr
                0x23f16e8c                strcat
                0x23f1731c                memchr
                0x23f172b8                strstr
                0x23f16f30                strncmp
                0x23f16e64                strncpy
                0x23f171c4                bcopy
                0x23f170a4                strtok
                0x23f17258                memcmp
                0x23f16eb8                strncat
                0x23f17348                strdup
                0x23f171a8                memset
                0x23f16f04                strcmp
                0x23f17128                strsep
                0x23f17020                strspn
                0x23f16fa0                strlen
                0x23f16f74                strchr
                0x23f17064                strpbrk
 .text          0x23f17384      0x868 lib_generic/libgeneric.a(vsprintf.o)
                0x23f17768                vsprintf
                0x23f17444                simple_strtol
                0x23f17710                panic
                0x23f17bbc                sprintf
                0x23f17384                simple_strtoul
 .text          0x23f17bec     0x2e38 lib_generic/libgeneric.a(zlib.o)
                0x23f18b2c                inflate
                0x23f185cc                inflateInit2
                0x23f189fc                inflateIncomp
                0x23f18714                adler32
                0x23f18464                inflateReset
                0x23f184cc                inflateSync
                0x23f1870c                inflateInit
                0x23f183c4                inflateEnd
 .text          0x23f1aa24       0x10 cpu/arm926ejs/libarm926ejs.a(interrupts.o)
                0x23f1aa24                interrupt_init
 .text          0x23f1aa34       0xf4 cpu/arm926ejs/libarm926ejs.a(cpu.o)
                0x23f1aad8                cleanup_before_linux
                0x23f1aab8                dcache_enable
                0x23f1aa60                cpu_init
                0x23f1aaa8                icache_enable
                0x23f1ab00                do_reset
                0x23f1aab0                icache_disable
                0x23f1aac8                dcache_status
                0x23f1ab18                icache_status
                0x23f1aac0                dcache_disable
 .text          0x23f1ab28       0x14 cpu/arm926ejs/at91sam9/libat91sam9.a(ether.o)
                0x23f1ab28                at91sam9_eth_initialize
 .text          0x23f1ab3c      0x120 cpu/arm926ejs/at91sam9/libat91sam9.a(timer.o)
                0x23f1ac14                reset_timer
                0x23f1abf4                get_tbclk
                0x23f1ab88                get_timer
                0x23f1ab3c                reset_timer_masked
                0x23f1ac2c                timer_init
                0x23f1ab54                get_timer_masked
                0x23f1abdc                udelay
                0x23f1abb4                udelay_masked
                0x23f1ac00                reset_cpu
                0x23f1abe0                get_ticks
 .text          0x23f1ac5c      0x194 cpu/arm926ejs/at91sam9/libat91sam9.a(spi.o)
                0x23f1acc0                AT91F_SpiWrite
                0x23f1ac5c                AT91F_SpiEnable
                0x23f1ad94                AT91F_SpiInit
 .text          0x23f1adf0       0x1c lib_arm/libarm.a(_ashldi3.o)
                0x23f1adf0                __ashldi3
 .text          0x23f1ae0c       0x1c lib_arm/libarm.a(_ashrdi3.o)
                0x23f1ae0c                __ashrdi3
 .text          0x23f1ae28       0x98 lib_arm/libarm.a(_udivsi3.o)
                0x23f1ae28                __udivsi3
 .text          0x23f1aec0       0xb4 lib_arm/libarm.a(_umodsi3.o)
                0x23f1aec0                __umodsi3
 .text          0x23f1af74      0x24c lib_arm/libarm.a(bootm.o)
                0x23f1af74                do_bootm_linux
 .text          0x23f1b1c0        0x4 lib_arm/libarm.a(cache.o)
                0x23f1b1c0                flush_cache
 .text          0x23f1b1c4      0x328 disk/libdisk.a(part.o)
                0x23f1b2a0                dev_print
                0x23f1b1c4                print_part
                0x23f1b488                get_dev
                0x23f1b448                get_partition_info
                0x23f1b46c                init_part
 .text          0x23f1b4ec      0x4fc disk/libdisk.a(part_dos.o)
                0x23f1b7c4                get_partition_info_dos
                0x23f1b9bc                print_part_dos
                0x23f1b534                test_part_dos
 .text          0x23f1b9e8      0xe88 drivers/mtd/nand/libnand.a(nand_util.o)
                0x23f1b9f0                nand_lock
                0x23f1ba60                nand_unlock
                0x23f1bb88                nand_get_lock_status
                0x23f1c4b8                nand_erase_opts
                0x23f1bc14                nand_read_opts
                0x23f1bfa4                nand_write_opts
 .text          0x23f1c870      0x704 drivers/net/libnet.a(macb.o)
                0x23f1c9d8                macb_eth_initialize
 .text          0x23f1cf74     0x1904 drivers/usb/libusb.a(usb_ohci.o)
                0x23f1cfec                rh_check_port_status
                0x23f1d3ec                usb_lowlevel_stop
                0x23f1db84                sohci_submit_job
                0x23f1d958                usb_event_poll
                0x23f1e200                submit_int_msg
                0x23f1e858                submit_bulk_msg
                0x23f1e224                submit_control_msg
                0x23f1d95c                usb_lowlevel_init
                0x23f1e0b4                submit_common_msg
 .text          0x23f1e878      0x124 lib_generic/libgeneric.a(div64.o)
                0x23f1e878                __div64_32
 .text          0x23f1e99c       0x3c cpu/arm926ejs/at91sam9/libat91sam9.a(usb.o)
                0x23f1e9bc                usb_cpu_init
                0x23f1e99c                usb_cpu_stop
                0x23f1e9b8                usb_cpu_init_fail

.glue_7         0x23f1e9d8        0x0
 .glue_7        0x23f1e9d8        0x0 cpu/arm926ejs/start.o
 .glue_7        0x23f1e9d8        0x0 lib_arm/libarm.a(board.o)
 .glue_7        0x23f1e9d8        0x0 lib_arm/libarm.a(interrupts.o)
 .glue_7        0x23f1e9d8        0x0 lib_arm/libarm.a(_divsi3.o)
 .glue_7        0x23f1e9d8        0x0 lib_arm/libarm.a(_modsi3.o)
 .glue_7        0x23f1e9d8        0x0 lib_arm/libarm.a(div0.o)
 .glue_7        0x23f1e9d8        0x0 net/libnet.a(net.o)
 .glue_7        0x23f1e9d8        0x0 net/libnet.a(tftp.o)
 .glue_7        0x23f1e9d8        0x0 net/libnet.a(bootp.o)
 .glue_7        0x23f1e9d8        0x0 net/libnet.a(rarp.o)
 .glue_7        0x23f1e9d8        0x0 net/libnet.a(eth.o)
 .glue_7        0x23f1e9d8        0x0 net/libnet.a(nfs.o)
 .glue_7        0x23f1e9d8        0x0 drivers/mtd/libmtd.a(dataflash.o)
 .glue_7        0x23f1e9d8        0x0 drivers/mtd/libmtd.a(at45.o)
 .glue_7        0x23f1e9d8        0x0 drivers/mtd/nand/libnand.a(nand.o)
 .glue_7        0x23f1e9d8        0x0 drivers/mtd/nand/libnand.a(nand_base.o)
 .glue_7        0x23f1e9d8        0x0 drivers/mtd/nand/libnand.a(nand_ids.o)
 .glue_7        0x23f1e9d8        0x0 drivers/mtd/nand/libnand.a(nand_ecc.o)
 .glue_7        0x23f1e9d8        0x0 drivers/mtd/nand/libnand.a(nand_bbt.o)
 .glue_7        0x23f1e9d8        0x0 drivers/serial/libserial.a(atmel_usart.o)
 .glue_7        0x23f1e9d8        0x0 common/libcommon.a(main.o)
 .glue_7        0x23f1e9d8        0x0 common/libcommon.a(cmd_boot.o)
 .glue_7        0x23f1e9d8        0x0 common/libcommon.a(cmd_bootm.o)
 .glue_7        0x23f1e9d8        0x0 common/libcommon.a(cmd_console.o)
 .glue_7        0x23f1e9d8        0x0 common/libcommon.a(cmd_flash.o)
 .glue_7        0x23f1e9d8        0x0 common/libcommon.a(cmd_itest.o)
 .glue_7        0x23f1e9d8        0x0 common/libcommon.a(cmd_load.o)
 .glue_7        0x23f1e9d8        0x0 common/libcommon.a(cmd_mem.o)
 .glue_7        0x23f1e9d8        0x0 common/libcommon.a(cmd_misc.o)
 .glue_7        0x23f1e9d8        0x0 common/libcommon.a(cmd_nand.o)
 .glue_7        0x23f1e9d8        0x0 common/libcommon.a(cmd_net.o)
 .glue_7        0x23f1e9d8        0x0 common/libcommon.a(cmd_nvedit.o)
 .glue_7        0x23f1e9d8        0x0 common/libcommon.a(cmd_usb.o)
 .glue_7        0x23f1e9d8        0x0 common/libcommon.a(cmd_ximg.o)
 .glue_7        0x23f1e9d8        0x0 common/libcommon.a(command.o)
 .glue_7        0x23f1e9d8        0x0 common/libcommon.a(console.o)
 .glue_7        0x23f1e9d8        0x0 common/libcommon.a(devices.o)
 .glue_7        0x23f1e9d8        0x0 common/libcommon.a(dlmalloc.o)
 .glue_7        0x23f1e9d8        0x0 common/libcommon.a(env_common.o)
 .glue_7        0x23f1e9d8        0x0 common/libcommon.a(env_nand.o)
 .glue_7        0x23f1e9d8        0x0 common/libcommon.a(exports.o)
 .glue_7        0x23f1e9d8        0x0 common/libcommon.a(lists.o)
 .glue_7        0x23f1e9d8        0x0 common/libcommon.a(usb.o)
 .glue_7        0x23f1e9d8        0x0 common/libcommon.a(usb_storage.o)
 .glue_7        0x23f1e9d8        0x0 common/libcommon.a(xyzModem.o)
 .glue_7        0x23f1e9d8        0x0 common/libcommon.a(image.o)
 .glue_7        0x23f1e9d8        0x0 common/libcommon.a(gunzip.o)
 .glue_7        0x23f1e9d8        0x0 common/libcommon.a(crc16.o)
 .glue_7        0x23f1e9d8        0x0 board/atmel/at91sam9g20ek/libat91sam9g20ek.a(at91sam9g20ek.o)
 .glue_7        0x23f1e9d8        0x0 board/atmel/at91sam9g20ek/libat91sam9g20ek.a(partition.o)
 .glue_7        0x23f1e9d8        0x0 board/atmel/at91sam9g20ek/libat91sam9g20ek.a(nand.o)
 .glue_7        0x23f1e9d8        0x0 lib_generic/libgeneric.a(crc32.o)
 .glue_7        0x23f1e9d8        0x0 lib_generic/libgeneric.a(ctype.o)
 .glue_7        0x23f1e9d8        0x0 lib_generic/libgeneric.a(display_options.o)
 .glue_7        0x23f1e9d8        0x0 lib_generic/libgeneric.a(lmb.o)
 .glue_7        0x23f1e9d8        0x0 lib_generic/libgeneric.a(string.o)
 .glue_7        0x23f1e9d8        0x0 lib_generic/libgeneric.a(vsprintf.o)
 .glue_7        0x23f1e9d8        0x0 lib_generic/libgeneric.a(zlib.o)
 .glue_7        0x23f1e9d8        0x0 cpu/arm926ejs/libarm926ejs.a(interrupts.o)
 .glue_7        0x23f1e9d8        0x0 cpu/arm926ejs/libarm926ejs.a(cpu.o)
 .glue_7        0x23f1e9d8        0x0 cpu/arm926ejs/at91sam9/libat91sam9.a(ether.o)
 .glue_7        0x23f1e9d8        0x0 cpu/arm926ejs/at91sam9/libat91sam9.a(timer.o)
 .glue_7        0x23f1e9d8        0x0 cpu/arm926ejs/at91sam9/libat91sam9.a(spi.o)
 .glue_7        0x23f1e9d8        0x0 lib_arm/libarm.a(_ashldi3.o)
 .glue_7        0x23f1e9d8        0x0 lib_arm/libarm.a(_ashrdi3.o)
 .glue_7        0x23f1e9d8        0x0 lib_arm/libarm.a(_udivsi3.o)
 .glue_7        0x23f1e9d8        0x0 lib_arm/libarm.a(_umodsi3.o)
 .glue_7        0x23f1e9d8        0x0 lib_arm/libarm.a(bootm.o)
 .glue_7        0x23f1e9d8        0x0 lib_arm/libarm.a(cache.o)
 .glue_7        0x23f1e9d8        0x0 disk/libdisk.a(part.o)
 .glue_7        0x23f1e9d8        0x0 disk/libdisk.a(part_dos.o)
 .glue_7        0x23f1e9d8        0x0 drivers/mtd/nand/libnand.a(nand_util.o)
 .glue_7        0x23f1e9d8        0x0 drivers/net/libnet.a(macb.o)
 .glue_7        0x23f1e9d8        0x0 drivers/usb/libusb.a(usb_ohci.o)
 .glue_7        0x23f1e9d8        0x0 lib_generic/libgeneric.a(div64.o)
 .glue_7        0x23f1e9d8        0x0 cpu/arm926ejs/at91sam9/libat91sam9.a(usb.o)

.glue_7t        0x23f1e9d8        0x0
 .glue_7t       0x23f1e9d8        0x0 cpu/arm926ejs/start.o
 .glue_7t       0x23f1e9d8        0x0 lib_arm/libarm.a(board.o)
 .glue_7t       0x23f1e9d8        0x0 lib_arm/libarm.a(interrupts.o)
 .glue_7t       0x23f1e9d8        0x0 lib_arm/libarm.a(_divsi3.o)
 .glue_7t       0x23f1e9d8        0x0 lib_arm/libarm.a(_modsi3.o)
 .glue_7t       0x23f1e9d8        0x0 lib_arm/libarm.a(div0.o)
 .glue_7t       0x23f1e9d8        0x0 net/libnet.a(net.o)
 .glue_7t       0x23f1e9d8        0x0 net/libnet.a(tftp.o)
 .glue_7t       0x23f1e9d8        0x0 net/libnet.a(bootp.o)
 .glue_7t       0x23f1e9d8        0x0 net/libnet.a(rarp.o)
 .glue_7t       0x23f1e9d8        0x0 net/libnet.a(eth.o)
 .glue_7t       0x23f1e9d8        0x0 net/libnet.a(nfs.o)
 .glue_7t       0x23f1e9d8        0x0 drivers/mtd/libmtd.a(dataflash.o)
 .glue_7t       0x23f1e9d8        0x0 drivers/mtd/libmtd.a(at45.o)
 .glue_7t       0x23f1e9d8        0x0 drivers/mtd/nand/libnand.a(nand.o)
 .glue_7t       0x23f1e9d8        0x0 drivers/mtd/nand/libnand.a(nand_base.o)
 .glue_7t       0x23f1e9d8        0x0 drivers/mtd/nand/libnand.a(nand_ids.o)
 .glue_7t       0x23f1e9d8        0x0 drivers/mtd/nand/libnand.a(nand_ecc.o)
 .glue_7t       0x23f1e9d8        0x0 drivers/mtd/nand/libnand.a(nand_bbt.o)
 .glue_7t       0x23f1e9d8        0x0 drivers/serial/libserial.a(atmel_usart.o)
 .glue_7t       0x23f1e9d8        0x0 common/libcommon.a(main.o)
 .glue_7t       0x23f1e9d8        0x0 common/libcommon.a(cmd_boot.o)
 .glue_7t       0x23f1e9d8        0x0 common/libcommon.a(cmd_bootm.o)
 .glue_7t       0x23f1e9d8        0x0 common/libcommon.a(cmd_console.o)
 .glue_7t       0x23f1e9d8        0x0 common/libcommon.a(cmd_flash.o)
 .glue_7t       0x23f1e9d8        0x0 common/libcommon.a(cmd_itest.o)
 .glue_7t       0x23f1e9d8        0x0 common/libcommon.a(cmd_load.o)
 .glue_7t       0x23f1e9d8        0x0 common/libcommon.a(cmd_mem.o)
 .glue_7t       0x23f1e9d8        0x0 common/libcommon.a(cmd_misc.o)
 .glue_7t       0x23f1e9d8        0x0 common/libcommon.a(cmd_nand.o)
 .glue_7t       0x23f1e9d8        0x0 common/libcommon.a(cmd_net.o)
 .glue_7t       0x23f1e9d8        0x0 common/libcommon.a(cmd_nvedit.o)
 .glue_7t       0x23f1e9d8        0x0 common/libcommon.a(cmd_usb.o)
 .glue_7t       0x23f1e9d8        0x0 common/libcommon.a(cmd_ximg.o)
 .glue_7t       0x23f1e9d8        0x0 common/libcommon.a(command.o)
 .glue_7t       0x23f1e9d8        0x0 common/libcommon.a(console.o)
 .glue_7t       0x23f1e9d8        0x0 common/libcommon.a(devices.o)
 .glue_7t       0x23f1e9d8        0x0 common/libcommon.a(dlmalloc.o)
 .glue_7t       0x23f1e9d8        0x0 common/libcommon.a(env_common.o)
 .glue_7t       0x23f1e9d8        0x0 common/libcommon.a(env_nand.o)
 .glue_7t       0x23f1e9d8        0x0 common/libcommon.a(exports.o)
 .glue_7t       0x23f1e9d8        0x0 common/libcommon.a(lists.o)
 .glue_7t       0x23f1e9d8        0x0 common/libcommon.a(usb.o)
 .glue_7t       0x23f1e9d8        0x0 common/libcommon.a(usb_storage.o)
 .glue_7t       0x23f1e9d8        0x0 common/libcommon.a(xyzModem.o)
 .glue_7t       0x23f1e9d8        0x0 common/libcommon.a(image.o)
 .glue_7t       0x23f1e9d8        0x0 common/libcommon.a(gunzip.o)
 .glue_7t       0x23f1e9d8        0x0 common/libcommon.a(crc16.o)
 .glue_7t       0x23f1e9d8        0x0 board/atmel/at91sam9g20ek/libat91sam9g20ek.a(at91sam9g20ek.o)
 .glue_7t       0x23f1e9d8        0x0 board/atmel/at91sam9g20ek/libat91sam9g20ek.a(partition.o)
 .glue_7t       0x23f1e9d8        0x0 board/atmel/at91sam9g20ek/libat91sam9g20ek.a(nand.o)
 .glue_7t       0x23f1e9d8        0x0 lib_generic/libgeneric.a(crc32.o)
 .glue_7t       0x23f1e9d8        0x0 lib_generic/libgeneric.a(ctype.o)
 .glue_7t       0x23f1e9d8        0x0 lib_generic/libgeneric.a(display_options.o)
 .glue_7t       0x23f1e9d8        0x0 lib_generic/libgeneric.a(lmb.o)
 .glue_7t       0x23f1e9d8        0x0 lib_generic/libgeneric.a(string.o)
 .glue_7t       0x23f1e9d8        0x0 lib_generic/libgeneric.a(vsprintf.o)
 .glue_7t       0x23f1e9d8        0x0 lib_generic/libgeneric.a(zlib.o)
 .glue_7t       0x23f1e9d8        0x0 cpu/arm926ejs/libarm926ejs.a(interrupts.o)
 .glue_7t       0x23f1e9d8        0x0 cpu/arm926ejs/libarm926ejs.a(cpu.o)
 .glue_7t       0x23f1e9d8        0x0 cpu/arm926ejs/at91sam9/libat91sam9.a(ether.o)
 .glue_7t       0x23f1e9d8        0x0 cpu/arm926ejs/at91sam9/libat91sam9.a(timer.o)
 .glue_7t       0x23f1e9d8        0x0 cpu/arm926ejs/at91sam9/libat91sam9.a(spi.o)
 .glue_7t       0x23f1e9d8        0x0 lib_arm/libarm.a(_ashldi3.o)
 .glue_7t       0x23f1e9d8        0x0 lib_arm/libarm.a(_ashrdi3.o)
 .glue_7t       0x23f1e9d8        0x0 lib_arm/libarm.a(_udivsi3.o)
 .glue_7t       0x23f1e9d8        0x0 lib_arm/libarm.a(_umodsi3.o)
 .glue_7t       0x23f1e9d8        0x0 lib_arm/libarm.a(bootm.o)
 .glue_7t       0x23f1e9d8        0x0 lib_arm/libarm.a(cache.o)
 .glue_7t       0x23f1e9d8        0x0 disk/libdisk.a(part.o)
 .glue_7t       0x23f1e9d8        0x0 disk/libdisk.a(part_dos.o)
 .glue_7t       0x23f1e9d8        0x0 drivers/mtd/nand/libnand.a(nand_util.o)
 .glue_7t       0x23f1e9d8        0x0 drivers/net/libnet.a(macb.o)
 .glue_7t       0x23f1e9d8        0x0 drivers/usb/libusb.a(usb_ohci.o)
 .glue_7t       0x23f1e9d8        0x0 lib_generic/libgeneric.a(div64.o)
 .glue_7t       0x23f1e9d8        0x0 cpu/arm926ejs/at91sam9/libat91sam9.a(usb.o)

.vfp11_veneer   0x23f1e9d8        0x0
 .vfp11_veneer  0x23f1e9d8        0x0 cpu/arm926ejs/start.o
 .vfp11_veneer  0x23f1e9d8        0x0 lib_arm/libarm.a(board.o)
 .vfp11_veneer  0x23f1e9d8        0x0 lib_arm/libarm.a(interrupts.o)
 .vfp11_veneer  0x23f1e9d8        0x0 lib_arm/libarm.a(_divsi3.o)
 .vfp11_veneer  0x23f1e9d8        0x0 lib_arm/libarm.a(_modsi3.o)
 .vfp11_veneer  0x23f1e9d8        0x0 lib_arm/libarm.a(div0.o)
 .vfp11_veneer  0x23f1e9d8        0x0 net/libnet.a(net.o)
 .vfp11_veneer  0x23f1e9d8        0x0 net/libnet.a(tftp.o)
 .vfp11_veneer  0x23f1e9d8        0x0 net/libnet.a(bootp.o)
 .vfp11_veneer  0x23f1e9d8        0x0 net/libnet.a(rarp.o)
 .vfp11_veneer  0x23f1e9d8        0x0 net/libnet.a(eth.o)
 .vfp11_veneer  0x23f1e9d8        0x0 net/libnet.a(nfs.o)
 .vfp11_veneer  0x23f1e9d8        0x0 drivers/mtd/libmtd.a(dataflash.o)
 .vfp11_veneer  0x23f1e9d8        0x0 drivers/mtd/libmtd.a(at45.o)
 .vfp11_veneer  0x23f1e9d8        0x0 drivers/mtd/nand/libnand.a(nand.o)
 .vfp11_veneer  0x23f1e9d8        0x0 drivers/mtd/nand/libnand.a(nand_base.o)
 .vfp11_veneer  0x23f1e9d8        0x0 drivers/mtd/nand/libnand.a(nand_ids.o)
 .vfp11_veneer  0x23f1e9d8        0x0 drivers/mtd/nand/libnand.a(nand_ecc.o)
 .vfp11_veneer  0x23f1e9d8        0x0 drivers/mtd/nand/libnand.a(nand_bbt.o)
 .vfp11_veneer  0x23f1e9d8        0x0 drivers/serial/libserial.a(atmel_usart.o)
 .vfp11_veneer  0x23f1e9d8        0x0 common/libcommon.a(main.o)
 .vfp11_veneer  0x23f1e9d8        0x0 common/libcommon.a(cmd_boot.o)
 .vfp11_veneer  0x23f1e9d8        0x0 common/libcommon.a(cmd_bootm.o)
 .vfp11_veneer  0x23f1e9d8        0x0 common/libcommon.a(cmd_console.o)
 .vfp11_veneer  0x23f1e9d8        0x0 common/libcommon.a(cmd_flash.o)
 .vfp11_veneer  0x23f1e9d8        0x0 common/libcommon.a(cmd_itest.o)
 .vfp11_veneer  0x23f1e9d8        0x0 common/libcommon.a(cmd_load.o)
 .vfp11_veneer  0x23f1e9d8        0x0 common/libcommon.a(cmd_mem.o)
 .vfp11_veneer  0x23f1e9d8        0x0 common/libcommon.a(cmd_misc.o)
 .vfp11_veneer  0x23f1e9d8        0x0 common/libcommon.a(cmd_nand.o)
 .vfp11_veneer  0x23f1e9d8        0x0 common/libcommon.a(cmd_net.o)
 .vfp11_veneer  0x23f1e9d8        0x0 common/libcommon.a(cmd_nvedit.o)
 .vfp11_veneer  0x23f1e9d8        0x0 common/libcommon.a(cmd_usb.o)
 .vfp11_veneer  0x23f1e9d8        0x0 common/libcommon.a(cmd_ximg.o)
 .vfp11_veneer  0x23f1e9d8        0x0 common/libcommon.a(command.o)
 .vfp11_veneer  0x23f1e9d8        0x0 common/libcommon.a(console.o)
 .vfp11_veneer  0x23f1e9d8        0x0 common/libcommon.a(devices.o)
 .vfp11_veneer  0x23f1e9d8        0x0 common/libcommon.a(dlmalloc.o)
 .vfp11_veneer  0x23f1e9d8        0x0 common/libcommon.a(env_common.o)
 .vfp11_veneer  0x23f1e9d8        0x0 common/libcommon.a(env_nand.o)
 .vfp11_veneer  0x23f1e9d8        0x0 common/libcommon.a(exports.o)
 .vfp11_veneer  0x23f1e9d8        0x0 common/libcommon.a(lists.o)
 .vfp11_veneer  0x23f1e9d8        0x0 common/libcommon.a(usb.o)
 .vfp11_veneer  0x23f1e9d8        0x0 common/libcommon.a(usb_storage.o)
 .vfp11_veneer  0x23f1e9d8        0x0 common/libcommon.a(xyzModem.o)
 .vfp11_veneer  0x23f1e9d8        0x0 common/libcommon.a(image.o)
 .vfp11_veneer  0x23f1e9d8        0x0 common/libcommon.a(gunzip.o)
 .vfp11_veneer  0x23f1e9d8        0x0 common/libcommon.a(crc16.o)
 .vfp11_veneer  0x23f1e9d8        0x0 board/atmel/at91sam9g20ek/libat91sam9g20ek.a(at91sam9g20ek.o)
 .vfp11_veneer  0x23f1e9d8        0x0 board/atmel/at91sam9g20ek/libat91sam9g20ek.a(partition.o)
 .vfp11_veneer  0x23f1e9d8        0x0 board/atmel/at91sam9g20ek/libat91sam9g20ek.a(nand.o)
 .vfp11_veneer  0x23f1e9d8        0x0 lib_generic/libgeneric.a(crc32.o)
 .vfp11_veneer  0x23f1e9d8        0x0 lib_generic/libgeneric.a(ctype.o)
 .vfp11_veneer  0x23f1e9d8        0x0 lib_generic/libgeneric.a(display_options.o)
 .vfp11_veneer  0x23f1e9d8        0x0 lib_generic/libgeneric.a(lmb.o)
 .vfp11_veneer  0x23f1e9d8        0x0 lib_generic/libgeneric.a(string.o)
 .vfp11_veneer  0x23f1e9d8        0x0 lib_generic/libgeneric.a(vsprintf.o)
 .vfp11_veneer  0x23f1e9d8        0x0 lib_generic/libgeneric.a(zlib.o)
 .vfp11_veneer  0x23f1e9d8        0x0 cpu/arm926ejs/libarm926ejs.a(interrupts.o)
 .vfp11_veneer  0x23f1e9d8        0x0 cpu/arm926ejs/libarm926ejs.a(cpu.o)
 .vfp11_veneer  0x23f1e9d8        0x0 cpu/arm926ejs/at91sam9/libat91sam9.a(ether.o)
 .vfp11_veneer  0x23f1e9d8        0x0 cpu/arm926ejs/at91sam9/libat91sam9.a(timer.o)
 .vfp11_veneer  0x23f1e9d8        0x0 cpu/arm926ejs/at91sam9/libat91sam9.a(spi.o)
 .vfp11_veneer  0x23f1e9d8        0x0 lib_arm/libarm.a(_ashldi3.o)
 .vfp11_veneer  0x23f1e9d8        0x0 lib_arm/libarm.a(_ashrdi3.o)
 .vfp11_veneer  0x23f1e9d8        0x0 lib_arm/libarm.a(_udivsi3.o)
 .vfp11_veneer  0x23f1e9d8        0x0 lib_arm/libarm.a(_umodsi3.o)
 .vfp11_veneer  0x23f1e9d8        0x0 lib_arm/libarm.a(bootm.o)
 .vfp11_veneer  0x23f1e9d8        0x0 lib_arm/libarm.a(cache.o)
 .vfp11_veneer  0x23f1e9d8        0x0 disk/libdisk.a(part.o)
 .vfp11_veneer  0x23f1e9d8        0x0 disk/libdisk.a(part_dos.o)
 .vfp11_veneer  0x23f1e9d8        0x0 drivers/mtd/nand/libnand.a(nand_util.o)
 .vfp11_veneer  0x23f1e9d8        0x0 drivers/net/libnet.a(macb.o)
 .vfp11_veneer  0x23f1e9d8        0x0 drivers/usb/libusb.a(usb_ohci.o)
 .vfp11_veneer  0x23f1e9d8        0x0 lib_generic/libgeneric.a(div64.o)
 .vfp11_veneer  0x23f1e9d8        0x0 cpu/arm926ejs/at91sam9/libat91sam9.a(usb.o)
                0x23f1e9d8                . = ALIGN (0x4)

.rodata         0x23f1e9d8      0x8e4
 *(.rodata)
 .rodata        0x23f1e9d8       0x28 lib_arm/libarm.a(board.o)
                0x23f1e9d8                version_string
 .rodata        0x23f1ea00       0x80 lib_arm/libarm.a(interrupts.o)
 .rodata        0x23f1ea80        0x8 net/libnet.a(net.o)
 .rodata        0x23f1ea88        0x8 net/libnet.a(eth.o)
 .rodata        0x23f1ea90        0x8 drivers/mtd/nand/libnand.a(nand.o)
 .rodata        0x23f1ea98       0x18 drivers/mtd/nand/libnand.a(nand_base.o)
 .rodata        0x23f1eab0      0x100 drivers/mtd/nand/libnand.a(nand_ecc.o)
 .rodata        0x23f1ebb0       0x14 common/libcommon.a(cmd_nvedit.o)
 .rodata        0x23f1ebc4      0x200 common/libcommon.a(crc16.o)
 .rodata        0x23f1edc4        0xc board/atmel/at91sam9g20ek/libat91sam9g20ek.a(at91sam9g20ek.o)
 .rodata        0x23f1edd0        0xc board/atmel/at91sam9g20ek/libat91sam9g20ek.a(nand.o)
 .rodata        0x23f1eddc      0x400 lib_generic/libgeneric.a(crc32.o)
 .rodata        0x23f1f1dc       0x90 lib_generic/libgeneric.a(zlib.o)
 .rodata        0x23f1f26c       0x10 disk/libdisk.a(part.o)
 .rodata        0x23f1f27c       0x40 drivers/usb/libusb.a(usb_ohci.o)

.rodata.str1.4  0x23f1f2bc     0x64b4
 .rodata.str1.4
                0x23f1f2bc       0x8b lib_arm/libarm.a(board.o)
                                 0x90 (size before relaxing)
 *fill*         0x23f1f347        0x1 00
 .rodata.str1.4
                0x23f1f348      0x293 lib_arm/libarm.a(interrupts.o)
                                0x29c (size before relaxing)
 *fill*         0x23f1f5db        0x1 00
 .rodata.str1.4
                0x23f1f5dc      0x239 net/libnet.a(net.o)
                                0x240 (size before relaxing)
 *fill*         0x23f1f815        0x3 00
 .rodata.str1.4
                0x23f1f818      0x1e1 net/libnet.a(tftp.o)
                                0x200 (size before relaxing)
 *fill*         0x23f1f9f9        0x3 00
 .rodata.str1.4
                0x23f1f9fc      0x115 net/libnet.a(bootp.o)
                                0x14c (size before relaxing)
 *fill*         0x23f1fb11        0x3 00
 .rodata.str1.4
                0x23f1fb14       0x13 net/libnet.a(rarp.o)
                                 0x4c (size before relaxing)
 *fill*         0x23f1fb27        0x1 00
 .rodata.str1.4
                0x23f1fb28       0xf6 net/libnet.a(eth.o)
                                0x10c (size before relaxing)
 *fill*         0x23f1fc1e        0x2 00
 .rodata.str1.4
                0x23f1fc20      0x101 net/libnet.a(nfs.o)
                                0x1a0 (size before relaxing)
 *fill*         0x23f1fd21        0x3 00
 .rodata.str1.4
                0x23f1fd24      0x18f drivers/mtd/libmtd.a(dataflash.o)
                                0x1a4 (size before relaxing)
 *fill*         0x23f1feb3        0x1 00
 .rodata.str1.4
                0x23f1feb4        0x8 drivers/mtd/nand/libnand.a(nand.o)
 .rodata.str1.4
                0x23f1febc      0x391 drivers/mtd/nand/libnand.a(nand_base.o)
                                0x394 (size before relaxing)
 *fill*         0x23f2024d        0x3 00
 .rodata.str1.4
                0x23f20250      0x444 drivers/mtd/nand/libnand.a(nand_ids.o)
 .rodata.str1.4
                0x23f20694      0x308 drivers/mtd/nand/libnand.a(nand_bbt.o)
 .rodata.str1.4
                0x23f2099c      0x105 common/libcommon.a(main.o)
                                0x10c (size before relaxing)
 *fill*         0x23f20aa1        0x3 00
 .rodata.str1.4
                0x23f20aa4      0x10c common/libcommon.a(cmd_boot.o)
                                0x118 (size before relaxing)
 .rodata.str1.4
                0x23f20bb0      0x44d common/libcommon.a(cmd_bootm.o)
                                0x464 (size before relaxing)
 *fill*         0x23f20ffd        0x3 00
 .rodata.str1.4
                0x23f21000       0x6d common/libcommon.a(cmd_console.o)
                                 0x74 (size before relaxing)
 *fill*         0x23f2106d        0x3 00
 .rodata.str1.4
                0x23f21070      0x537 common/libcommon.a(cmd_flash.o)
                                0x550 (size before relaxing)
 *fill*         0x23f215a7        0x1 00
 .rodata.str1.4
                0x23f215a8       0xcf common/libcommon.a(cmd_itest.o)
                                 0xdc (size before relaxing)
 *fill*         0x23f21677        0x1 00
 .rodata.str1.4
                0x23f21678      0x23f common/libcommon.a(cmd_load.o)
                                0x25c (size before relaxing)
 *fill*         0x23f218b7        0x1 00
 .rodata.str1.4
                0x23f218b8      0x6a2 common/libcommon.a(cmd_mem.o)
                                0x6c0 (size before relaxing)
 *fill*         0x23f21f5a        0x2 00
 .rodata.str1.4
                0x23f21f5c       0x70 common/libcommon.a(cmd_misc.o)
                                 0x7c (size before relaxing)
 .rodata.str1.4
                0x23f21fcc      0x91e common/libcommon.a(cmd_nand.o)
                                0x948 (size before relaxing)
 *fill*         0x23f228ea        0x2 00
 .rodata.str1.4
                0x23f228ec      0x265 common/libcommon.a(cmd_net.o)
                                0x2bc (size before relaxing)
 *fill*         0x23f22b51        0x3 00
 .rodata.str1.4
                0x23f22b54      0x347 common/libcommon.a(cmd_nvedit.o)
                                0x3e0 (size before relaxing)
 *fill*         0x23f22e9b        0x1 00
 .rodata.str1.4
                0x23f22e9c      0x913 common/libcommon.a(cmd_usb.o)
                                0xa20 (size before relaxing)
 *fill*         0x23f237af        0x1 00
 .rodata.str1.4
                0x23f237b0      0x126 common/libcommon.a(cmd_ximg.o)
                                0x1c8 (size before relaxing)
 *fill*         0x23f238d6        0x2 00
 .rodata.str1.4
                0x23f238d8      0x280 common/libcommon.a(command.o)
 .rodata.str1.4
                0x23f23b58       0x75 common/libcommon.a(console.o)
                                 0x7c (size before relaxing)
 *fill*         0x23f23bcd        0x3 00
 .rodata.str1.4
                0x23f23bd0       0x2f common/libcommon.a(devices.o)
                                 0x48 (size before relaxing)
 *fill*         0x23f23bff        0x1 00
 .rodata.str1.4
                0x23f23c00       0x33 common/libcommon.a(env_common.o)
                                 0x34 (size before relaxing)
 *fill*         0x23f23c33        0x1 00
 .rodata.str1.4
                0x23f23c34      0x101 common/libcommon.a(env_nand.o)
                                0x10c (size before relaxing)
 *fill*         0x23f23d35        0x3 00
 .rodata.str1.4
                0x23f23d38      0x278 common/libcommon.a(usb.o)
 .rodata.str1.4
                0x23f23fb0      0x20e common/libcommon.a(usb_storage.o)
                                0x218 (size before relaxing)
 *fill*         0x23f241be        0x2 00
 .rodata.str1.4
                0x23f241c0       0xf1 common/libcommon.a(xyzModem.o)
                                 0xf8 (size before relaxing)
 *fill*         0x23f242b1        0x3 00
 .rodata.str1.4
                0x23f242b4      0x4a7 common/libcommon.a(image.o)
                                0x538 (size before relaxing)
 *fill*         0x23f2475b        0x1 00
 .rodata.str1.4
                0x23f2475c       0x86 common/libcommon.a(gunzip.o)
                                 0x88 (size before relaxing)
 *fill*         0x23f247e2        0x2 00
 .rodata.str1.4
                0x23f247e4       0x17 lib_generic/libgeneric.a(display_options.o)
                                 0x48 (size before relaxing)
 *fill*         0x23f247fb        0x1 00
 .rodata.str1.4
                0x23f247fc       0x34 lib_generic/libgeneric.a(lmb.o)
 .rodata.str1.4
                0x23f24830       0x57 lib_generic/libgeneric.a(vsprintf.o)
                                 0x58 (size before relaxing)
 *fill*         0x23f24887        0x1 00
 .rodata.str1.4
                0x23f24888      0x20d lib_generic/libgeneric.a(zlib.o)
                                0x214 (size before relaxing)
 *fill*         0x23f24a95        0x3 00
 .rodata.str1.4
                0x23f24a98       0x10 cpu/arm926ejs/at91sam9/libat91sam9.a(spi.o)
 .rodata.str1.4
                0x23f24aa8       0x67 lib_arm/libarm.a(bootm.o)
                                 0x74 (size before relaxing)
 *fill*         0x23f24b0f        0x1 00
 .rodata.str1.4
                0x23f24b10      0x191 disk/libdisk.a(part.o)
                                0x1a4 (size before relaxing)
 *fill*         0x23f24ca1        0x3 00
 .rodata.str1.4
                0x23f24ca4       0xfd disk/libdisk.a(part_dos.o)
                                0x10c (size before relaxing)
 *fill*         0x23f24da1        0x3 00
 .rodata.str1.4
                0x23f24da4      0x5be drivers/mtd/nand/libnand.a(nand_util.o)
                                0x5c4 (size before relaxing)
 *fill*         0x23f25362        0x2 00
 .rodata.str1.4
                0x23f25364      0x173 drivers/net/libnet.a(macb.o)
                                0x174 (size before relaxing)
 *fill*         0x23f254d7        0x1 00
 .rodata.str1.4
                0x23f254d8      0x298 drivers/usb/libusb.a(usb_ohci.o)
                0x23f25770                . = ALIGN (0x4)

.data           0x23f25770     0x1943
 *(.data)
 .data          0x23f25770        0x0 cpu/arm926ejs/start.o
 .data          0x23f25770       0x30 lib_arm/libarm.a(board.o)
                0x23f25770                init_sequence
 .data          0x23f257a0        0x0 lib_arm/libarm.a(interrupts.o)
 .data          0x23f257a0        0x0 lib_arm/libarm.a(_divsi3.o)
 .data          0x23f257a0        0x0 lib_arm/libarm.a(_modsi3.o)
 .data          0x23f257a0        0x0 lib_arm/libarm.a(div0.o)
 .data          0x23f257a0        0xa net/libnet.a(net.o)
                0x23f257a2                NetBcastAddr
                0x23f257a8                NetOurNativeVLAN
                0x23f257a0                NetOurVLAN
 .data          0x23f257aa        0x2 net/libnet.a(tftp.o)
 .data          0x23f257ac        0x0 net/libnet.a(bootp.o)
 .data          0x23f257ac        0x0 net/libnet.a(rarp.o)
 .data          0x23f257ac        0x0 net/libnet.a(eth.o)
 .data          0x23f257ac        0x4 net/libnet.a(nfs.o)
 .data          0x23f257b0        0x0 drivers/mtd/libmtd.a(dataflash.o)
 .data          0x23f257b0        0x0 drivers/mtd/libmtd.a(at45.o)
 .data          0x23f257b0        0x4 drivers/mtd/nand/libnand.a(nand.o)
                0x23f257b0                nand_curr_device
 .data          0x23f257b4      0x420 drivers/mtd/nand/libnand.a(nand_base.o)
 .data          0x23f25bd4      0x538 drivers/mtd/nand/libnand.a(nand_ids.o)
                0x23f260cc                nand_manuf_ids
                0x23f25bd4                nand_flash_ids
 .data          0x23f2610c        0x0 drivers/mtd/nand/libnand.a(nand_ecc.o)
 .data          0x23f2610c      0x10c drivers/mtd/nand/libnand.a(nand_bbt.o)
 .data          0x23f26218        0x0 drivers/serial/libserial.a(atmel_usart.o)
 .data          0x23f26218       0x14 common/libcommon.a(main.o)
 .data          0x23f2622c        0x0 common/libcommon.a(cmd_boot.o)
 .data          0x23f2622c        0x4 common/libcommon.a(cmd_bootm.o)
                0x23f2622c                load_addr
 .data          0x23f26230        0x0 common/libcommon.a(cmd_console.o)
 .data          0x23f26230        0x0 common/libcommon.a(cmd_flash.o)
 .data          0x23f26230       0x68 common/libcommon.a(cmd_itest.o)
                0x23f26230                op_table
 .data          0x23f26298        0x0 common/libcommon.a(cmd_load.o)
 .data          0x23f26298        0x4 common/libcommon.a(cmd_mem.o)
                0x23f26298                dp_last_length
 .data          0x23f2629c        0x0 common/libcommon.a(cmd_misc.o)
 .data          0x23f2629c        0x0 common/libcommon.a(cmd_nand.o)
 .data          0x23f2629c        0x0 common/libcommon.a(cmd_net.o)
 .data          0x23f2629c        0x0 common/libcommon.a(cmd_nvedit.o)
 .data          0x23f2629c        0x4 common/libcommon.a(cmd_usb.o)
 .data          0x23f262a0        0x0 common/libcommon.a(cmd_ximg.o)
 .data          0x23f262a0        0x0 common/libcommon.a(command.o)
 .data          0x23f262a0        0x0 common/libcommon.a(console.o)
 .data          0x23f262a0        0xc common/libcommon.a(devices.o)
                0x23f262a0                stdio_names
 .data          0x23f262ac      0x414 common/libcommon.a(dlmalloc.o)
 .data          0x23f266c0       0xcc common/libcommon.a(env_common.o)
                0x23f266c0                default_environment
                0x23f26788                default_environment_size
 .data          0x23f2678c        0x4 common/libcommon.a(env_nand.o)
                0x23f2678c                env_name_spec
 .data          0x23f26790        0x0 common/libcommon.a(exports.o)
 .data          0x23f26790        0x0 common/libcommon.a(lists.o)
 .data          0x23f26790        0x0 common/libcommon.a(usb.o)
 .data          0x23f26790       0x20 common/libcommon.a(usb_storage.o)
                0x23f26790                us_direction
 .data          0x23f267b0        0x0 common/libcommon.a(xyzModem.o)
 .data          0x23f267b0      0x1e0 common/libcommon.a(image.o)
 .data          0x23f26990        0x0 common/libcommon.a(gunzip.o)
 .data          0x23f26990        0x0 common/libcommon.a(crc16.o)
 .data          0x23f26990        0x0 board/atmel/at91sam9g20ek/libat91sam9g20ek.a(at91sam9g20ek.o)
 .data          0x23f26990       0xb0 board/atmel/at91sam9g20ek/libat91sam9g20ek.a(partition.o)
                0x23f26990                cs
                0x23f269a0                area_list
 .data          0x23f26a40        0x0 board/atmel/at91sam9g20ek/libat91sam9g20ek.a(nand.o)
 .data          0x23f26a40        0x0 lib_generic/libgeneric.a(crc32.o)
 .data          0x23f26a40      0x100 lib_generic/libgeneric.a(ctype.o)
                0x23f26a40                _ctype
 .data          0x23f26b40        0x0 lib_generic/libgeneric.a(display_options.o)
 .data          0x23f26b40        0x0 lib_generic/libgeneric.a(lmb.o)
 .data          0x23f26b40        0x0 lib_generic/libgeneric.a(string.o)
 .data          0x23f26b40        0x0 lib_generic/libgeneric.a(vsprintf.o)
 .data          0x23f26b40      0x210 lib_generic/libgeneric.a(zlib.o)
                0x23f26d2c                zlib_version
                0x23f26d30                z_errmsg
 .data          0x23f26d50        0x0 cpu/arm926ejs/libarm926ejs.a(interrupts.o)
 .data          0x23f26d50        0x0 cpu/arm926ejs/libarm926ejs.a(cpu.o)
 .data          0x23f26d50        0x0 cpu/arm926ejs/at91sam9/libat91sam9.a(ether.o)
 .data          0x23f26d50        0x0 cpu/arm926ejs/at91sam9/libat91sam9.a(timer.o)
 .data          0x23f26d50        0x0 cpu/arm926ejs/at91sam9/libat91sam9.a(spi.o)
 .data          0x23f26d50        0x0 lib_arm/libarm.a(_ashldi3.o)
 .data          0x23f26d50        0x0 lib_arm/libarm.a(_ashrdi3.o)
 .data          0x23f26d50        0x0 lib_arm/libarm.a(_udivsi3.o)
 .data          0x23f26d50        0x0 lib_arm/libarm.a(_umodsi3.o)
 .data          0x23f26d50        0x0 lib_arm/libarm.a(bootm.o)
 .data          0x23f26d50        0x0 lib_arm/libarm.a(cache.o)
 .data          0x23f26d50        0x0 disk/libdisk.a(part.o)
 .data          0x23f26d50        0x0 disk/libdisk.a(part_dos.o)
 .data          0x23f26d50      0x318 drivers/mtd/nand/libnand.a(nand_util.o)
 .data          0x23f27068        0x0 drivers/net/libnet.a(macb.o)
 .data          0x23f27068       0x4b drivers/usb/libusb.a(usb_ohci.o)
 .data          0x23f270b3        0x0 lib_generic/libgeneric.a(div64.o)
 .data          0x23f270b3        0x0 cpu/arm926ejs/at91sam9/libat91sam9.a(usb.o)
                0x23f270b4                . = ALIGN (0x4)

.got
 *(.got)
                0x23f270b4                . = .
                0x23f270b4                __u_boot_cmd_start = .

.u_boot_cmd     0x23f270b4      0x3f0
 *(.u_boot_cmd)
 .u_boot_cmd    0x23f270b4       0x30 common/libcommon.a(cmd_boot.o)
                0x23f270cc                __u_boot_cmd_reset
                0x23f270b4                __u_boot_cmd_go
 .u_boot_cmd    0x23f270e4       0x48 common/libcommon.a(cmd_bootm.o)
                0x23f270e4                __u_boot_cmd_bootm
                0x23f27114                __u_boot_cmd_bootd
                0x23f270fc                __u_boot_cmd_boot
 .u_boot_cmd    0x23f2712c       0x18 common/libcommon.a(cmd_console.o)
                0x23f2712c                __u_boot_cmd_coninfo
 .u_boot_cmd    0x23f27144       0x48 common/libcommon.a(cmd_flash.o)
                0x23f27144                __u_boot_cmd_flinfo
                0x23f2715c                __u_boot_cmd_erase
                0x23f27174                __u_boot_cmd_protect
 .u_boot_cmd    0x23f2718c       0x18 common/libcommon.a(cmd_itest.o)
                0x23f2718c                __u_boot_cmd_itest
 .u_boot_cmd    0x23f271a4       0x30 common/libcommon.a(cmd_load.o)
                0x23f271bc                __u_boot_cmd_loady
                0x23f271a4                __u_boot_cmd_loadb
 .u_boot_cmd    0x23f271d4       0xf0 common/libcommon.a(cmd_mem.o)
                0x23f271d4                __u_boot_cmd_md
                0x23f2724c                __u_boot_cmd_cmp
                0x23f2721c                __u_boot_cmd_mw
                0x23f27294                __u_boot_cmd_loop
                0x23f2727c                __u_boot_cmd_base
                0x23f271ec                __u_boot_cmd_mm
                0x23f27264                __u_boot_cmd_crc32
                0x23f27204                __u_boot_cmd_nm
                0x23f272ac                __u_boot_cmd_mtest
                0x23f27234                __u_boot_cmd_cp
 .u_boot_cmd    0x23f272c4       0x18 common/libcommon.a(cmd_misc.o)
                0x23f272c4                __u_boot_cmd_sleep
 .u_boot_cmd    0x23f272dc       0x30 common/libcommon.a(cmd_nand.o)
                0x23f272dc                __u_boot_cmd_nand
                0x23f272f4                __u_boot_cmd_nboot
 .u_boot_cmd    0x23f2730c       0x90 common/libcommon.a(cmd_net.o)
                0x23f2736c                __u_boot_cmd_nfs
                0x23f27384                __u_boot_cmd_ping
                0x23f2733c                __u_boot_cmd_rarpboot
                0x23f27324                __u_boot_cmd_tftpboot
                0x23f2730c                __u_boot_cmd_bootp
                0x23f27354                __u_boot_cmd_dhcp
 .u_boot_cmd    0x23f2739c       0x60 common/libcommon.a(cmd_nvedit.o)
                0x23f273e4                __u_boot_cmd_run
                0x23f273cc                __u_boot_cmd_saveenv
                0x23f2739c                __u_boot_cmd_printenv
                0x23f273b4                __u_boot_cmd_setenv
 .u_boot_cmd    0x23f273fc       0x30 common/libcommon.a(cmd_usb.o)
                0x23f273fc                __u_boot_cmd_usb
                0x23f27414                __u_boot_cmd_usbboot
 .u_boot_cmd    0x23f2742c       0x18 common/libcommon.a(cmd_ximg.o)
                0x23f2742c                __u_boot_cmd_imxtract
 .u_boot_cmd    0x23f27444       0x60 common/libcommon.a(command.o)
                0x23f2745c                __u_boot_cmd_echo
                0x23f2748c                __u_boot_cmd_question_mark
                0x23f27444                __u_boot_cmd_version
                0x23f27474                __u_boot_cmd_help
                0x23f274a4                __u_boot_cmd_end = .
                0x23f274a4                . = ALIGN (0x4)
                0x23f274a4                __bss_start = .

.bss            0x23f27500    0x14e00
 *(.bss)
 .bss           0x23f27500        0x0 cpu/arm926ejs/start.o
 .bss           0x23f27500       0x10 lib_arm/libarm.a(board.o)
                0x23f2750c                monitor_flash_len
 .bss           0x23f27510        0x0 lib_arm/libarm.a(interrupts.o)
 .bss           0x23f27510        0x0 lib_arm/libarm.a(_divsi3.o)
 .bss           0x23f27510        0x0 lib_arm/libarm.a(_modsi3.o)
 .bss           0x23f27510        0x0 lib_arm/libarm.a(div0.o)
 .bss           0x23f27510     0x25d8 net/libnet.a(net.o)
                0x23f2756c                NetArpWaitTry
                0x23f27548                NetArpWaitPacketMAC
                0x23f27518                NetOurEther
                0x23f27524                NetOurIP
                0x23f27528                NetPingIP
                0x23f27554                NetServerIP
                0x23f27550                NetArpWaitTxPacketSize
                0x23f2753c                NetArpWaitReplyIP
                0x23f2754c                NetArpWaitTxPacket
                0x23f293ac                NetRxPackets
                0x23f299e4                NetOurNISDomain
                0x23f27530                NetArpWaitPacketIP
                0x23f27510                NetState
                0x23f29a66                BootFile
                0x23f27558                NetServerEther
                0x23f27534                NetOurSubnetMask
                0x23f29a64                NetBootFileSize
                0x23f27520                NetIPID
                0x23f29a04                NetOurHostName
                0x23f27540                NetRxPkt
                0x23f27538                NetOurGatewayIP
                0x23f27564                NetEtherNullAddr
                0x23f27584                NetRestartWrap
                0x23f293bc                NetArpWaitPacketBuf
                0x23f27544                NetRxPktLen
                0x23f2752c                NetTxPacket
                0x23f299dc                NetBootFileXferSize
                0x23f299e0                NetOurDNSIP
                0x23f2758c                PktBuf
                0x23f29a24                NetOurRootPath
                0x23f27570                NetArpWaitTimerStart
 .bss           0x23f29ae8       0xb4 net/libnet.a(tftp.o)
 .bss           0x23f29b9c       0x14 net/libnet.a(bootp.o)
                0x23f29ba0                NetDHCPServerIP
                0x23f29ba4                dhcp_state
                0x23f29ba8                BootpTry
                0x23f29bac                BootpID
                0x23f29b9c                dhcp_leasetime
 .bss           0x23f29bb0        0x4 net/libnet.a(rarp.o)
                0x23f29bb0                RarpTry
 .bss           0x23f29bb4        0xc net/libnet.a(eth.o)
 .bss           0x23f29bc0      0x8b0 net/libnet.a(nfs.o)
 .bss           0x23f2a470        0x8 drivers/mtd/libmtd.a(dataflash.o)
 .bss           0x23f2a478        0x0 drivers/mtd/libmtd.a(at45.o)
 .bss           0x23f2a478      0x244 drivers/mtd/nand/libnand.a(nand.o)
                0x23f2a478                nand_info
 .bss           0x23f2a6bc        0x4 drivers/mtd/nand/libnand.a(nand_base.o)
 .bss           0x23f2a6c0        0x0 drivers/mtd/nand/libnand.a(nand_ids.o)
 .bss           0x23f2a6c0        0x0 drivers/mtd/nand/libnand.a(nand_ecc.o)
 .bss           0x23f2a6c0        0x0 drivers/mtd/nand/libnand.a(nand_bbt.o)
 .bss           0x23f2a6c0        0x0 drivers/serial/libserial.a(atmel_usart.o)
 .bss           0x23f2a6c0     0x1660 common/libcommon.a(main.o)
                0x23f2bb20                console_buffer
                0x23f2bad0                hist_list
                0x23f2a6d0                hist_lines
                0x23f2a6cc                hist_num
 .bss           0x23f2bd20        0x0 common/libcommon.a(cmd_boot.o)
 .bss           0x23f2bd20       0x50 common/libcommon.a(cmd_bootm.o)
 .bss           0x23f2bd70        0x0 common/libcommon.a(cmd_console.o)
 .bss           0x23f2bd70        0x0 common/libcommon.a(cmd_flash.o)
 .bss           0x23f2bd70        0x0 common/libcommon.a(cmd_itest.o)
 .bss           0x23f2bd70       0x68 common/libcommon.a(cmd_load.o)
                0x23f2bda4                his_pad_char
                0x23f2bd74                os_data_count
                0x23f2bd84                os_data_init
                0x23f2bda8                send_ptr
                0x23f2bd98                os_data_char
                0x23f2bda5                his_eol
                0x23f2bd9c                his_quote
                0x23f2bdac                send_parms
                0x23f2bda0                his_pad_count
 .bss           0x23f2bdd8       0x14 common/libcommon.a(cmd_mem.o)
                0x23f2bde8                dp_last_size
                0x23f2bde4                dp_last_addr
                0x23f2bde0                mm_last_size
                0x23f2bddc                mm_last_addr
 .bss           0x23f2bdec        0x0 common/libcommon.a(cmd_misc.o)
 .bss           0x23f2bdec        0x0 common/libcommon.a(cmd_nand.o)
 .bss           0x23f2bdec        0x0 common/libcommon.a(cmd_net.o)
 .bss           0x23f2bdec        0x0 common/libcommon.a(cmd_nvedit.o)
 .bss           0x23f2bdec        0x0 common/libcommon.a(cmd_usb.o)
 .bss           0x23f2bdec        0x0 common/libcommon.a(cmd_ximg.o)
 .bss           0x23f2bdec        0x0 common/libcommon.a(command.o)
 .bss           0x23f2bdec        0x8 common/libcommon.a(console.o)
 .bss           0x23f2bdf4       0x10 common/libcommon.a(devices.o)
                0x23f2bdf4                devlist
                0x23f2bdf8                stdio_devices
 .bss           0x23f2be04       0x38 common/libcommon.a(dlmalloc.o)
 .bss           0x23f2be3c        0x0 common/libcommon.a(env_common.o)
 .bss           0x23f2be3c        0x4 common/libcommon.a(env_nand.o)
                0x23f2be3c                env_ptr
 .bss           0x23f2be40        0x0 common/libcommon.a(exports.o)
 .bss           0x23f2be40        0x0 common/libcommon.a(lists.o)
 .bss           0x23f2be40     0xc99c common/libcommon.a(usb.o)
                0x23f387d8                usb_started
 .bss           0x23f387dc      0x5b8 common/libcommon.a(usb_storage.o)
 .bss           0x23f38d94      0x43c common/libcommon.a(xyzModem.o)
 .bss           0x23f391d0        0x0 common/libcommon.a(image.o)
 .bss           0x23f391d0        0x0 common/libcommon.a(gunzip.o)
 .bss           0x23f391d0        0x0 common/libcommon.a(crc16.o)
 .bss           0x23f391d0        0x0 board/atmel/at91sam9g20ek/libat91sam9g20ek.a(at91sam9g20ek.o)
 .bss           0x23f391d0      0x1d8 board/atmel/at91sam9g20ek/libat91sam9g20ek.a(partition.o)
                0x23f391d0                dataflash_info
 .bss           0x23f393a8        0x0 board/atmel/at91sam9g20ek/libat91sam9g20ek.a(nand.o)
 .bss           0x23f393a8        0x0 lib_generic/libgeneric.a(crc32.o)
 .bss           0x23f393a8        0x0 lib_generic/libgeneric.a(ctype.o)
 .bss           0x23f393a8        0x0 lib_generic/libgeneric.a(display_options.o)
 .bss           0x23f393a8        0x0 lib_generic/libgeneric.a(lmb.o)
 .bss           0x23f393a8        0x4 lib_generic/libgeneric.a(string.o)
                0x23f393a8                ___strtok
 .bss           0x23f393ac        0x0 lib_generic/libgeneric.a(vsprintf.o)
 .bss           0x23f393ac     0x10a8 lib_generic/libgeneric.a(zlib.o)
 .bss           0x23f3a454        0x0 cpu/arm926ejs/libarm926ejs.a(interrupts.o)
 .bss           0x23f3a454        0x0 cpu/arm926ejs/libarm926ejs.a(cpu.o)
 .bss           0x23f3a454        0x0 cpu/arm926ejs/at91sam9/libat91sam9.a(ether.o)
 .bss           0x23f3a454        0x4 cpu/arm926ejs/at91sam9/libat91sam9.a(timer.o)
                0x23f3a454                resettime
 .bss           0x23f3a458        0x0 cpu/arm926ejs/at91sam9/libat91sam9.a(spi.o)
 .bss           0x23f3a458        0x0 lib_arm/libarm.a(_ashldi3.o)
 .bss           0x23f3a458        0x0 lib_arm/libarm.a(_ashrdi3.o)
 .bss           0x23f3a458        0x0 lib_arm/libarm.a(_udivsi3.o)
 .bss           0x23f3a458        0x0 lib_arm/libarm.a(_umodsi3.o)
 .bss           0x23f3a458        0x4 lib_arm/libarm.a(bootm.o)
 .bss           0x23f3a45c        0x0 lib_arm/libarm.a(cache.o)
 .bss           0x23f3a45c        0x0 disk/libdisk.a(part.o)
 .bss           0x23f3a45c        0x0 disk/libdisk.a(part_dos.o)
 .bss           0x23f3a45c      0x948 drivers/mtd/nand/libnand.a(nand_util.o)
 .bss           0x23f3ada4        0x0 drivers/net/libnet.a(macb.o)
 *fill*         0x23f3ada4       0x5c 00
 .bss           0x23f3ae00     0x1500 drivers/usb/libusb.a(usb_ohci.o)
                0x23f3af50                got_rhsc
                0x23f3b2a0                gtd
                0x23f3b110                ohci_dev
                0x23f3c2e0                devgone
                0x23f3ae00                ptd
                0x23f3b100                phcca
                0x23f3b000                ghcca
 .bss           0x23f3c300        0x0 lib_generic/libgeneric.a(div64.o)
 .bss           0x23f3c300        0x0 cpu/arm926ejs/at91sam9/libat91sam9.a(usb.o)
                0x23f3c300                _end = .
Address of section .text set to 0x23f00000
LOAD cpu/arm926ejs/start.o
START GROUP
LOAD lib_generic/libgeneric.a
LOAD cpu/arm926ejs/libarm926ejs.a
LOAD cpu/arm926ejs/at91sam9/libat91sam9.a
LOAD lib_arm/libarm.a
LOAD fs/cramfs/libcramfs.a
LOAD fs/fat/libfat.a
LOAD fs/fdos/libfdos.a
LOAD fs/jffs2/libjffs2.a
LOAD fs/reiserfs/libreiserfs.a
LOAD fs/ext2/libext2fs.a
LOAD net/libnet.a
LOAD disk/libdisk.a
LOAD drivers/bios_emulator/libatibiosemu.a
LOAD drivers/block/libblock.a
LOAD drivers/dma/libdma.a
LOAD drivers/hwmon/libhwmon.a
LOAD drivers/i2c/libi2c.a
LOAD drivers/input/libinput.a
LOAD drivers/misc/libmisc.a
LOAD drivers/mmc/libmmc.a
LOAD drivers/mtd/libmtd.a
LOAD drivers/mtd/nand/libnand.a
LOAD drivers/mtd/nand_legacy/libnand_legacy.a
LOAD drivers/mtd/onenand/libonenand.a
LOAD drivers/mtd/spi/libspi_flash.a
LOAD drivers/net/libnet.a
LOAD drivers/net/sk98lin/libsk98lin.a
LOAD drivers/pci/libpci.a
LOAD drivers/pcmcia/libpcmcia.a
LOAD drivers/spi/libspi.a
LOAD drivers/rtc/librtc.a
LOAD drivers/serial/libserial.a
LOAD drivers/usb/libusb.a
LOAD drivers/video/libvideo.a
LOAD common/libcommon.a
LOAD libfdt/libfdt.a
LOAD api/libapi.a
LOAD post/libpost.a
LOAD board/atmel/at91sam9g20ek/libat91sam9g20ek.a
END GROUP
LOAD /opt/arm-2007q1/bin/../lib/gcc/arm-none-linux-gnueabi/4.2.0/libgcc.a
OUTPUT(u-boot elf32-littlearm)

.debug_line     0x00000000     0x898a
 .debug_line    0x00000000       0x7e cpu/arm926ejs/start.o
 .debug_line    0x0000007e      0x1d5 lib_arm/libarm.a(board.o)
 .debug_line    0x00000253       0xd8 lib_arm/libarm.a(interrupts.o)
 .debug_line    0x0000032b       0x66 lib_arm/libarm.a(_divsi3.o)
 .debug_line    0x00000391       0x54 lib_arm/libarm.a(_modsi3.o)
 .debug_line    0x000003e5       0x36 lib_arm/libarm.a(div0.o)
 .debug_line    0x0000041b      0x4a3 net/libnet.a(net.o)
 .debug_line    0x000008be      0x254 net/libnet.a(tftp.o)
 .debug_line    0x00000b12      0x327 net/libnet.a(bootp.o)
 .debug_line    0x00000e39       0xf2 net/libnet.a(rarp.o)
 .debug_line    0x00000f2b      0x1cd net/libnet.a(eth.o)
 .debug_line    0x000010f8      0x324 net/libnet.a(nfs.o)
 .debug_line    0x0000141c      0x1bb drivers/mtd/libmtd.a(dataflash.o)
 .debug_line    0x000015d7      0x1a2 drivers/mtd/libmtd.a(at45.o)
 .debug_line    0x00001779      0x16f drivers/mtd/nand/libnand.a(nand.o)
 .debug_line    0x000018e8      0x759 drivers/mtd/nand/libnand.a(nand_base.o)
 .debug_line    0x00002041       0x6b drivers/mtd/nand/libnand.a(nand_ids.o)
 .debug_line    0x000020ac      0x1c4 drivers/mtd/nand/libnand.a(nand_ecc.o)
 .debug_line    0x00002270      0x411 drivers/mtd/nand/libnand.a(nand_bbt.o)
 .debug_line    0x00002681      0x127 drivers/serial/libserial.a(atmel_usart.o)
 .debug_line    0x000027a8      0x340 common/libcommon.a(main.o)
 .debug_line    0x00002ae8       0xbe common/libcommon.a(cmd_boot.o)
 .debug_line    0x00002ba6      0x2b8 common/libcommon.a(cmd_bootm.o)
 .debug_line    0x00002e5e       0xa9 common/libcommon.a(cmd_console.o)
 .debug_line    0x00002f07       0xdf common/libcommon.a(cmd_flash.o)
 .debug_line    0x00002fe6       0xfe common/libcommon.a(cmd_itest.o)
 .debug_line    0x000030e4      0x34e common/libcommon.a(cmd_load.o)
 .debug_line    0x00003432      0x251 common/libcommon.a(cmd_mem.o)
 .debug_line    0x00003683       0xbf common/libcommon.a(cmd_misc.o)
 .debug_line    0x00003742      0x3a4 common/libcommon.a(cmd_nand.o)
 .debug_line    0x00003ae6      0x130 common/libcommon.a(cmd_net.o)
 .debug_line    0x00003c16      0x29a common/libcommon.a(cmd_nvedit.o)
 .debug_line    0x00003eb0      0x374 common/libcommon.a(cmd_usb.o)
 .debug_line    0x00004224      0x18c common/libcommon.a(cmd_ximg.o)
 .debug_line    0x000043b0       0xeb common/libcommon.a(command.o)
 .debug_line    0x0000449b      0x26c common/libcommon.a(console.o)
 .debug_line    0x00004707      0x138 common/libcommon.a(devices.o)
 .debug_line    0x0000483f      0x352 common/libcommon.a(dlmalloc.o)
 .debug_line    0x00004b91      0x15a common/libcommon.a(env_common.o)
 .debug_line    0x00004ceb      0x246 common/libcommon.a(env_nand.o)
 .debug_line    0x00004f31      0x10f common/libcommon.a(exports.o)
 .debug_line    0x00005040      0x108 common/libcommon.a(lists.o)
 .debug_line    0x00005148      0x3f1 common/libcommon.a(usb.o)
 .debug_line    0x00005539      0x4c3 common/libcommon.a(usb_storage.o)
 .debug_line    0x000059fc      0x20c common/libcommon.a(xyzModem.o)
 .debug_line    0x00005c08      0x31a common/libcommon.a(image.o)
 .debug_line    0x00005f22       0xac common/libcommon.a(gunzip.o)
 .debug_line    0x00005fce       0xba common/libcommon.a(crc16.o)
 .debug_line    0x00006088      0x1ed board/atmel/at91sam9g20ek/libat91sam9g20ek.a(at91sam9g20ek.o)
 .debug_line    0x00006275       0x67 board/atmel/at91sam9g20ek/libat91sam9g20ek.a(partition.o)
 .debug_line    0x000062dc      0x196 board/atmel/at91sam9g20ek/libat91sam9g20ek.a(nand.o)
 .debug_line    0x00006472      0x111 lib_generic/libgeneric.a(crc32.o)
 .debug_line    0x00006583       0x28 lib_generic/libgeneric.a(ctype.o)
 .debug_line    0x000065ab      0x11f lib_generic/libgeneric.a(display_options.o)
 .debug_line    0x000066ca      0x1fa lib_generic/libgeneric.a(lmb.o)
 .debug_line    0x000068c4      0x190 lib_generic/libgeneric.a(string.o)
 .debug_line    0x00006a54      0x1cd lib_generic/libgeneric.a(vsprintf.o)
 .debug_line    0x00006c21      0x670 lib_generic/libgeneric.a(zlib.o)
 .debug_line    0x00007291       0x3e cpu/arm926ejs/libarm926ejs.a(interrupts.o)
 .debug_line    0x000072cf      0x144 cpu/arm926ejs/libarm926ejs.a(cpu.o)
 .debug_line    0x00007413       0xb2 cpu/arm926ejs/at91sam9/libat91sam9.a(ether.o)
 .debug_line    0x000074c5      0x11f cpu/arm926ejs/at91sam9/libat91sam9.a(timer.o)
 .debug_line    0x000075e4       0xef cpu/arm926ejs/at91sam9/libat91sam9.a(spi.o)
 .debug_line    0x000076d3       0x40 lib_arm/libarm.a(_ashldi3.o)
 .debug_line    0x00007713       0x40 lib_arm/libarm.a(_ashrdi3.o)
 .debug_line    0x00007753       0x5f lib_arm/libarm.a(_udivsi3.o)
 .debug_line    0x000077b2       0x66 lib_arm/libarm.a(_umodsi3.o)
 .debug_line    0x00007818      0x1e9 lib_arm/libarm.a(bootm.o)
 .debug_line    0x00007a01       0x37 lib_arm/libarm.a(cache.o)
 .debug_line    0x00007a38      0x18c disk/libdisk.a(part.o)
 .debug_line    0x00007bc4      0x14b disk/libdisk.a(part_dos.o)
 .debug_line    0x00007d0f      0x365 drivers/mtd/nand/libnand.a(nand_util.o)
 .debug_line    0x00008074      0x2c3 drivers/net/libnet.a(macb.o)
 .debug_line    0x00008337      0x4ec drivers/usb/libusb.a(usb_ohci.o)
 .debug_line    0x00008823       0xd1 lib_generic/libgeneric.a(div64.o)
 .debug_line    0x000088f4       0x96 cpu/arm926ejs/at91sam9/libat91sam9.a(usb.o)

.debug_info     0x00000000    0x24366
 .debug_info    0x00000000       0x60 cpu/arm926ejs/start.o
 .debug_info    0x00000060      0x59f lib_arm/libarm.a(board.o)
 .debug_info    0x000005ff      0x261 lib_arm/libarm.a(interrupts.o)
 .debug_info    0x00000860       0x5c lib_arm/libarm.a(_divsi3.o)
 .debug_info    0x000008bc       0x5c lib_arm/libarm.a(_modsi3.o)
 .debug_info    0x00000918       0x39 lib_arm/libarm.a(div0.o)
 .debug_info    0x00000951     0x13e2 net/libnet.a(net.o)
 .debug_info    0x00001d33      0x450 net/libnet.a(tftp.o)
 .debug_info    0x00002183      0x9be net/libnet.a(bootp.o)
 .debug_info    0x00002b41      0x251 net/libnet.a(rarp.o)
 .debug_info    0x00002d92      0x66b net/libnet.a(eth.o)
 .debug_info    0x000033fd      0xc7e net/libnet.a(nfs.o)
 .debug_info    0x0000407b      0x76c drivers/mtd/libmtd.a(dataflash.o)
 .debug_info    0x000047e7      0x7a4 drivers/mtd/libmtd.a(at45.o)
 .debug_info    0x00004f8b      0xc5a drivers/mtd/nand/libnand.a(nand.o)
 .debug_info    0x00005be5     0x21db drivers/mtd/nand/libnand.a(nand_base.o)
 .debug_info    0x00007dc0      0x152 drivers/mtd/nand/libnand.a(nand_ids.o)
 .debug_info    0x00007f12      0x7b5 drivers/mtd/nand/libnand.a(nand_ecc.o)
 .debug_info    0x000086c7     0x1815 drivers/mtd/nand/libnand.a(nand_bbt.o)
 .debug_info    0x00009edc      0x2f3 drivers/serial/libserial.a(atmel_usart.o)
 .debug_info    0x0000a1cf      0xce5 common/libcommon.a(main.o)
 .debug_info    0x0000aeb4      0x23a common/libcommon.a(cmd_boot.o)
 .debug_info    0x0000b0ee      0xe13 common/libcommon.a(cmd_bootm.o)
 .debug_info    0x0000bf01      0x37d common/libcommon.a(cmd_console.o)
 .debug_info    0x0000c27e      0x2c0 common/libcommon.a(cmd_flash.o)
 .debug_info    0x0000c53e      0x442 common/libcommon.a(cmd_itest.o)
 .debug_info    0x0000c980      0xb05 common/libcommon.a(cmd_load.o)
 .debug_info    0x0000d485      0xa9b common/libcommon.a(cmd_mem.o)
 .debug_info    0x0000df20      0x1b0 common/libcommon.a(cmd_misc.o)
 .debug_info    0x0000e0d0     0x15d8 common/libcommon.a(cmd_nand.o)
 .debug_info    0x0000f6a8      0x5ca common/libcommon.a(cmd_net.o)
 .debug_info    0x0000fc72      0x8aa common/libcommon.a(cmd_nvedit.o)
 .debug_info    0x0001051c      0xf39 common/libcommon.a(cmd_usb.o)
 .debug_info    0x00011455      0x423 common/libcommon.a(cmd_ximg.o)
 .debug_info    0x00011878      0x407 common/libcommon.a(command.o)
 .debug_info    0x00011c7f      0x926 common/libcommon.a(console.o)
 .debug_info    0x000125a5      0x488 common/libcommon.a(devices.o)
 .debug_info    0x00012a2d      0xbb7 common/libcommon.a(dlmalloc.o)
 .debug_info    0x000135e4      0x404 common/libcommon.a(env_common.o)
 .debug_info    0x000139e8      0xb89 common/libcommon.a(env_nand.o)
 .debug_info    0x00014571      0x2d3 common/libcommon.a(exports.o)
 .debug_info    0x00014844      0x51c common/libcommon.a(lists.o)
 .debug_info    0x00014d60     0x1694 common/libcommon.a(usb.o)
 .debug_info    0x000163f4     0x1467 common/libcommon.a(usb_storage.o)
 .debug_info    0x0001785b      0x678 common/libcommon.a(xyzModem.o)
 .debug_info    0x00017ed3     0x109b common/libcommon.a(image.o)
 .debug_info    0x00018f6e      0x34e common/libcommon.a(gunzip.o)
 .debug_info    0x000192bc      0x10a common/libcommon.a(crc16.o)
 .debug_info    0x000193c6      0x8a6 board/atmel/at91sam9g20ek/libat91sam9g20ek.a(at91sam9g20ek.o)
 .debug_info    0x00019c6c      0x305 board/atmel/at91sam9g20ek/libat91sam9g20ek.a(partition.o)
 .debug_info    0x00019f71      0xd42 board/atmel/at91sam9g20ek/libat91sam9g20ek.a(nand.o)
 .debug_info    0x0001acb3      0x1d7 lib_generic/libgeneric.a(crc32.o)
 .debug_info    0x0001ae8a       0x52 lib_generic/libgeneric.a(ctype.o)
 .debug_info    0x0001aedc      0x257 lib_generic/libgeneric.a(display_options.o)
 .debug_info    0x0001b133      0x827 lib_generic/libgeneric.a(lmb.o)
 .debug_info    0x0001b95a      0x864 lib_generic/libgeneric.a(string.o)
 .debug_info    0x0001c1be      0x431 lib_generic/libgeneric.a(vsprintf.o)
 .debug_info    0x0001c5ef     0x1754 lib_generic/libgeneric.a(zlib.o)
 .debug_info    0x0001dd43       0x8f cpu/arm926ejs/libarm926ejs.a(interrupts.o)
 .debug_info    0x0001ddd2      0x420 cpu/arm926ejs/libarm926ejs.a(cpu.o)
 .debug_info    0x0001e1f2      0x174 cpu/arm926ejs/at91sam9/libat91sam9.a(ether.o)
 .debug_info    0x0001e366      0x3c5 cpu/arm926ejs/at91sam9/libat91sam9.a(timer.o)
 .debug_info    0x0001e72b      0x1e8 cpu/arm926ejs/at91sam9/libat91sam9.a(spi.o)
 .debug_info    0x0001e913       0x5d lib_arm/libarm.a(_ashldi3.o)
 .debug_info    0x0001e970       0x5d lib_arm/libarm.a(_ashrdi3.o)
 .debug_info    0x0001e9cd       0x5d lib_arm/libarm.a(_udivsi3.o)
 .debug_info    0x0001ea2a       0x5d lib_arm/libarm.a(_umodsi3.o)
 .debug_info    0x0001ea87      0xb68 lib_arm/libarm.a(bootm.o)
 .debug_info    0x0001f5ef       0xa4 lib_arm/libarm.a(cache.o)
 .debug_info    0x0001f693      0x650 disk/libdisk.a(part.o)
 .debug_info    0x0001fce3      0x647 disk/libdisk.a(part_dos.o)
 .debug_info    0x0002032a     0x1454 drivers/mtd/nand/libnand.a(nand_util.o)
 .debug_info    0x0002177e      0xaa4 drivers/net/libnet.a(macb.o)
 .debug_info    0x00022222     0x1e84 drivers/usb/libusb.a(usb_ohci.o)
 .debug_info    0x000240a6      0x132 lib_generic/libgeneric.a(div64.o)
 .debug_info    0x000241d8      0x18e cpu/arm926ejs/at91sam9/libat91sam9.a(usb.o)

.debug_abbrev   0x00000000     0x8912
 .debug_abbrev  0x00000000       0x14 cpu/arm926ejs/start.o
 .debug_abbrev  0x00000014      0x29f lib_arm/libarm.a(board.o)
 .debug_abbrev  0x000002b3       0xfe lib_arm/libarm.a(interrupts.o)
 .debug_abbrev  0x000003b1       0x14 lib_arm/libarm.a(_divsi3.o)
 .debug_abbrev  0x000003c5       0x14 lib_arm/libarm.a(_modsi3.o)
 .debug_abbrev  0x000003d9       0x29 lib_arm/libarm.a(div0.o)
 .debug_abbrev  0x00000402      0x427 net/libnet.a(net.o)
 .debug_abbrev  0x00000829      0x1d4 net/libnet.a(tftp.o)
 .debug_abbrev  0x000009fd      0x330 net/libnet.a(bootp.o)
 .debug_abbrev  0x00000d2d      0x11e net/libnet.a(rarp.o)
 .debug_abbrev  0x00000e4b      0x2a6 net/libnet.a(eth.o)
 .debug_abbrev  0x000010f1      0x345 net/libnet.a(nfs.o)
 .debug_abbrev  0x00001436      0x215 drivers/mtd/libmtd.a(dataflash.o)
 .debug_abbrev  0x0000164b      0x190 drivers/mtd/libmtd.a(at45.o)
 .debug_abbrev  0x000017db      0x195 drivers/mtd/nand/libnand.a(nand.o)
 .debug_abbrev  0x00001970      0x3d0 drivers/mtd/nand/libnand.a(nand_base.o)
 .debug_abbrev  0x00001d40       0x8c drivers/mtd/nand/libnand.a(nand_ids.o)
 .debug_abbrev  0x00001dcc      0x1ab drivers/mtd/nand/libnand.a(nand_ecc.o)
 .debug_abbrev  0x00001f77      0x30e drivers/mtd/nand/libnand.a(nand_bbt.o)
 .debug_abbrev  0x00002285      0x145 drivers/serial/libserial.a(atmel_usart.o)
 .debug_abbrev  0x000023ca      0x32c common/libcommon.a(main.o)
 .debug_abbrev  0x000026f6       0xdf common/libcommon.a(cmd_boot.o)
 .debug_abbrev  0x000027d5      0x32e common/libcommon.a(cmd_bootm.o)
 .debug_abbrev  0x00002b03      0x148 common/libcommon.a(cmd_console.o)
 .debug_abbrev  0x00002c4b      0x116 common/libcommon.a(cmd_flash.o)
 .debug_abbrev  0x00002d61      0x1a0 common/libcommon.a(cmd_itest.o)
 .debug_abbrev  0x00002f01      0x301 common/libcommon.a(cmd_load.o)
 .debug_abbrev  0x00003202      0x1f2 common/libcommon.a(cmd_mem.o)
 .debug_abbrev  0x000033f4       0xd0 common/libcommon.a(cmd_misc.o)
 .debug_abbrev  0x000034c4      0x35e common/libcommon.a(cmd_nand.o)
 .debug_abbrev  0x00003822      0x1c1 common/libcommon.a(cmd_net.o)
 .debug_abbrev  0x000039e3      0x254 common/libcommon.a(cmd_nvedit.o)
 .debug_abbrev  0x00003c37      0x2bb common/libcommon.a(cmd_usb.o)
 .debug_abbrev  0x00003ef2      0x195 common/libcommon.a(cmd_ximg.o)
 .debug_abbrev  0x00004087      0x1c5 common/libcommon.a(command.o)
 .debug_abbrev  0x0000424c      0x2da common/libcommon.a(console.o)
 .debug_abbrev  0x00004526      0x16c common/libcommon.a(devices.o)
 .debug_abbrev  0x00004692      0x263 common/libcommon.a(dlmalloc.o)
 .debug_abbrev  0x000048f5      0x1e2 common/libcommon.a(env_common.o)
 .debug_abbrev  0x00004ad7      0x2ea common/libcommon.a(env_nand.o)
 .debug_abbrev  0x00004dc1      0x121 common/libcommon.a(exports.o)
 .debug_abbrev  0x00004ee2      0x202 common/libcommon.a(lists.o)
 .debug_abbrev  0x000050e4      0x38f common/libcommon.a(usb.o)
 .debug_abbrev  0x00005473      0x2f6 common/libcommon.a(usb_storage.o)
 .debug_abbrev  0x00005769      0x26d common/libcommon.a(xyzModem.o)
 .debug_abbrev  0x000059d6      0x3bd common/libcommon.a(image.o)
 .debug_abbrev  0x00005d93      0x144 common/libcommon.a(gunzip.o)
 .debug_abbrev  0x00005ed7       0xb7 common/libcommon.a(crc16.o)
 .debug_abbrev  0x00005f8e      0x28f board/atmel/at91sam9g20ek/libat91sam9g20ek.a(at91sam9g20ek.o)
 .debug_abbrev  0x0000621d       0xbe board/atmel/at91sam9g20ek/libat91sam9g20ek.a(partition.o)
 .debug_abbrev  0x000062db      0x289 board/atmel/at91sam9g20ek/libat91sam9g20ek.a(nand.o)
 .debug_abbrev  0x00006564       0xc1 lib_generic/libgeneric.a(crc32.o)
 .debug_abbrev  0x00006625       0x4b lib_generic/libgeneric.a(ctype.o)
 .debug_abbrev  0x00006670      0x10f lib_generic/libgeneric.a(display_options.o)
 .debug_abbrev  0x0000677f      0x34a lib_generic/libgeneric.a(lmb.o)
 .debug_abbrev  0x00006ac9      0x1e5 lib_generic/libgeneric.a(string.o)
 .debug_abbrev  0x00006cae      0x1c2 lib_generic/libgeneric.a(vsprintf.o)
 .debug_abbrev  0x00006e70      0x307 lib_generic/libgeneric.a(zlib.o)
 .debug_abbrev  0x00007177       0x4a cpu/arm926ejs/libarm926ejs.a(interrupts.o)
 .debug_abbrev  0x000071c1      0x1df cpu/arm926ejs/libarm926ejs.a(cpu.o)
 .debug_abbrev  0x000073a0       0xb3 cpu/arm926ejs/at91sam9/libat91sam9.a(ether.o)
 .debug_abbrev  0x00007453      0x1c8 cpu/arm926ejs/at91sam9/libat91sam9.a(timer.o)
 .debug_abbrev  0x0000761b       0xff cpu/arm926ejs/at91sam9/libat91sam9.a(spi.o)
 .debug_abbrev  0x0000771a       0x14 lib_arm/libarm.a(_ashldi3.o)
 .debug_abbrev  0x0000772e       0x14 lib_arm/libarm.a(_ashrdi3.o)
 .debug_abbrev  0x00007742       0x14 lib_arm/libarm.a(_udivsi3.o)
 .debug_abbrev  0x00007756       0x14 lib_arm/libarm.a(_umodsi3.o)
 .debug_abbrev  0x0000776a      0x26d lib_arm/libarm.a(bootm.o)
 .debug_abbrev  0x000079d7       0x57 lib_arm/libarm.a(cache.o)
 .debug_abbrev  0x00007a2e      0x1dc disk/libdisk.a(part.o)
 .debug_abbrev  0x00007c0a      0x1ec disk/libdisk.a(part_dos.o)
 .debug_abbrev  0x00007df6      0x277 drivers/mtd/nand/libnand.a(nand_util.o)
 .debug_abbrev  0x0000806d      0x359 drivers/net/libnet.a(macb.o)
 .debug_abbrev  0x000083c6      0x3b7 drivers/usb/libusb.a(usb_ohci.o)
 .debug_abbrev  0x0000877d       0xad lib_generic/libgeneric.a(div64.o)
 .debug_abbrev  0x0000882a       0xe8 cpu/arm926ejs/at91sam9/libat91sam9.a(usb.o)

.debug_aranges  0x00000000      0x920
 .debug_aranges
                0x00000000       0x20 cpu/arm926ejs/start.o
 .debug_aranges
                0x00000020       0x20 lib_arm/libarm.a(board.o)
 .debug_aranges
                0x00000040       0x20 lib_arm/libarm.a(interrupts.o)
 .debug_aranges
                0x00000060       0x20 lib_arm/libarm.a(_divsi3.o)
 .debug_aranges
                0x00000080       0x20 lib_arm/libarm.a(_modsi3.o)
 .debug_aranges
                0x000000a0       0x20 lib_arm/libarm.a(div0.o)
 .debug_aranges
                0x000000c0       0x20 net/libnet.a(net.o)
 .debug_aranges
                0x000000e0       0x20 net/libnet.a(tftp.o)
 .debug_aranges
                0x00000100       0x20 net/libnet.a(bootp.o)
 .debug_aranges